// Jest Snapshot v1, https://goo.gl/fbAQLP

exports[`SendFeedback Component renders the SendFeedback component 1`] = `
<div>
  <div
    class="feedback-container"
  >
    <h2
      class="Feedback_title"
    >
      <img
        alt="Send Feedback Icon"
        class="sidebar-icon"
        src="send-feedback.png"
      />
        Send Feedback
    </h2>
    <div
      class="feedback-grid"
    >
      <form
        class="feedback-form"
      >
        <div
          class="feedback-email-from"
        >
          <div
            class="email-address"
          >
            <input
              class="Email-Sendfeeback"
              id="id_email"
              maxlength="64"
              name="from_email"
              placeholder="Email address"
              required=""
              type="email"
              value=""
            />
          </div>
        </div>
        <div
          class="Describe-feedback"
        >
          <div
            class="ui form swdh30"
          >
            <div
              class="field"
            >
              <textarea
                id="id_about"
                name="message"
                placeholder="Describe your issue or share your ideas"
                rows="6"
              />
            </div>
          </div>
        </div>
        <div
          class="form-group1 mt-30"
        >
          <label
            class="add-creen"
            for="file5"
          >
            Add Screenshots
          </label>
          <div
            class="image-upload-wrap"
          >
            <input
              accept="image/*"
              class="file-upload-input"
              id="file5"
              name="attachment_url"
              type="file"
            />
            <div
              class="drag-text"
            >
              <i
                class="fas fa-cloud-upload-alt"
              />
              <h4>
                Select screenshots to upload
              </h4>
              <p>
                or drag and drop screenshots
              </p>
            </div>
          </div>
        </div>
        <button
          class="SendFeedback_btn"
          type="submit"
        >
          Send Feedback
        </button>
      </form>
    </div>
  </div>
</div>
`;
