// Jest Snapshot v1, https://goo.gl/fbAQLP

exports[`Accordion renders the Accordion component 1`] = `
<div>
  <div
    class="accordion-container"
  >
    <div>
      <div
        class="accordion-header"
      >
        <div
          class="section-header-left"
        >
          <span
            class="section-title-wrapper"
          >
            <i
              class="uil uil-presentation-play crse_icon"
            />
            <span
              class="section-title-text"
            >
              Introduction to this Course
            </span>
          </span>
        </div>
        <div
          class="section-header-right"
        >
          <span
            class="num-items-in-section"
          >
            7
             lectures
          </span>
          <span
            class="section-header-length"
          >
            22:08
          </span>
        </div>
      </div>
    </div>
    <div>
      <div
        class="accordion-header"
      >
        <div
          class="section-header-left"
        >
          <span
            class="section-title-wrapper"
          >
            <i
              class="uil uil-presentation-play crse_icon"
            />
            <span
              class="section-title-text"
            >
              Introduction to Front End Development
            </span>
          </span>
        </div>
        <div
          class="section-header-right"
        >
          <span
            class="num-items-in-section"
          >
            6
             lectures
          </span>
          <span
            class="section-header-length"
          >
            27:26
          </span>
        </div>
      </div>
    </div>
    <div>
      <div
        class="accordion-header"
      >
        <div
          class="section-header-left"
        >
          <span
            class="section-title-wrapper"
          >
            <i
              class="uil uil-presentation-play crse_icon"
            />
            <span
              class="section-title-text"
            >
              Introduction to HTML
            </span>
          </span>
        </div>
        <div
          class="section-header-right"
        >
          <span
            class="num-items-in-section"
          >
            13
             lectures
          </span>
          <span
            class="section-header-length"
          >
            58:55
          </span>
        </div>
      </div>
    </div>
    <div>
      <div
        class="accordion-header"
      >
        <div
          class="section-header-left"
        >
          <span
            class="section-title-wrapper"
          >
            <i
              class="uil uil-presentation-play crse_icon"
            />
            <span
              class="section-title-text"
            >
              Intermediate HTML
            </span>
          </span>
        </div>
        <div
          class="section-header-right"
        >
          <span
            class="num-items-in-section"
          >
            10
             lectures
          </span>
          <span
            class="section-header-length"
          >
            01:12:29
          </span>
        </div>
      </div>
    </div>
    <div>
      <div
        class="accordion-header"
      >
        <div
          class="section-header-left"
        >
          <span
            class="section-title-wrapper"
          >
            <i
              class="uil uil-presentation-play crse_icon"
            />
            <span
              class="section-title-text"
            >
              Introduction to CSS
            </span>
          </span>
        </div>
        <div
          class="section-header-right"
        >
          <span
            class="num-items-in-section"
          >
            15
             lectures
          </span>
          <span
            class="section-header-length"
          >
            01:40:15
          </span>
        </div>
      </div>
    </div>
    <div>
      <div
        class="accordion-header"
      >
        <div
          class="section-header-left"
        >
          <span
            class="section-title-wrapper"
          >
            <i
              class="uil uil-presentation-play crse_icon"
            />
            <span
              class="section-title-text"
            >
              Intermediate CSS
            </span>
          </span>
        </div>
        <div
          class="section-header-right"
        >
          <span
            class="num-items-in-section"
          >
            16
             lectures
          </span>
          <span
            class="section-header-length"
          >
            01:26:40
          </span>
        </div>
      </div>
    </div>
    <div>
      <div
        class="accordion-header"
      >
        <div
          class="section-header-left"
        >
          <span
            class="section-title-wrapper"
          >
            <i
              class="uil uil-presentation-play crse_icon"
            />
            <span
              class="section-title-text"
            >
              Bootstrap
            </span>
          </span>
        </div>
        <div
          class="section-header-right"
        >
          <span
            class="num-items-in-section"
          >
            16
             lectures
          </span>
          <span
            class="section-header-length"
          >
            01:59:54
          </span>
        </div>
      </div>
    </div>
    <div>
      <div
        class="accordion-header"
      >
        <div
          class="section-header-left"
        >
          <span
            class="section-title-wrapper"
          >
            <i
              class="uil uil-presentation-play crse_icon"
            />
            <span
              class="section-title-text"
            >
              Bootstrap 4!
            </span>
          </span>
        </div>
        <div
          class="section-header-right"
        >
          <span
            class="num-items-in-section"
          >
            20
             lectures
          </span>
          <span
            class="section-header-length"
          >
            01:16:28
          </span>
        </div>
      </div>
    </div>
    <div>
      <div
        class="accordion-header"
      >
        <div
          class="section-header-left"
        >
          <span
            class="section-title-wrapper"
          >
            <i
              class="uil uil-presentation-play crse_icon"
            />
            <span
              class="section-title-text"
            >
              Introduction to JavaScript
            </span>
          </span>
        </div>
        <div
          class="section-header-right"
        >
          <span
            class="num-items-in-section"
          >
            12
             lectures
          </span>
          <span
            class="section-header-length"
          >
            56:21
          </span>
        </div>
      </div>
    </div>
  </div>
</div>
`;
