// Jest Snapshot v1, https://goo.gl/fbAQLP

exports[`Help Component renders the Help component 1`] = `
<div>
  <div>
    <div
      class="Help-container-fluid"
    >
      <div
        class="Help-grid-container-input"
      >
        <div
          class="Help-grid-item-full"
        >
          <div
            class="Help_215v12"
          >
            <div
              class="Help-grid-center"
            >
              <div
                class="Help-grid-item-half"
              >
                <div
                  class="help_stitle"
                >
                  <h2>
                    How may we help you?
                  </h2>
                  <div
                    class="explore_search"
                  >
                    <div
                      class="explore-container"
                    >
                      <section
                        class="search-box"
                      >
                        <img
                          alt="Search Icon"
                          class="search-icon"
                          src="search.png"
                        />
                        <input
                          placeholder="Search Instructor Help"
                          type="text"
                          value=""
                        />
                      </section>
                    </div>
                  </div>
                </div>
              </div>
            </div>
          </div>
        </div>
      </div>
    </div>
    <div
      class="Help_215b15"
    >
      <div
        class="Help-grid-container-input"
      >
        <div
          class="Help-grid-item-full"
        >
          <div
            class="col-lg-12"
          >
            <div
              class="course_tabs"
            >
              <nav>
                <div
                  class="nav nav-tabs-help help_tabs tab_crse justify-content-center"
                  id="nav-tab"
                  role="tablist"
                >
                  <a
                    class="tab active"
                    id="nav-instructor-tab"
                  >
                    Instructor
                  </a>
                  <a
                    class="tab "
                    id="nav-student-tab"
                  >
                    Student
                  </a>
                </div>
              </nav>
            </div>
          </div>
        </div>
      </div>
    </div>
    <div
      class="_215b17"
    >
      <div
        class="container-fluid"
      >
        <div
          class="row"
        >
          <div
            class="col-lg-12"
          >
            <div
              class="course_tab_content"
            >
              <div
                class="tab-content"
                id="nav-tabContent"
              >
                <div
                  class="tab-pane fade show active"
                  id="nav-instructor"
                  role="tabpanel"
                >
                  <div
                    class="tpc152"
                  >
                    <div
                      class="crse_content"
                    >
                      <h3>
                        Select a topic to search for help
                      </h3>
                    </div>
                    <div
                      class="section3126 mt-20"
                    >
                      <div
                        class="Help1-Grid-container"
                      >
                        <div
                          class="value_props50"
                        >
                          <a
                            href="/helpview1"
                          >
                            <div
                              class="value_icon"
                            >
                              <img
                                alt=""
                                class="Help-icon-page"
                                src="Wallet.png"
                              />
                            </div>
                            <div
                              class="value_content"
                            >
                              <h4>
                                Payments
                              </h4>
                              <p>
                                Understand the revenue share and how to receive payments.
                              </p>
                            </div>
                          </a>
                        </div>
                        <div
                          class="value_props50"
                        >
                          <a
                            href="/helpview2"
                          >
                            <div
                              class="value_icon"
                            >
                              <img
                                alt=""
                                class="Help-icon-page"
                                src="Megaphone2.png"
                              />
                            </div>
                            <div
                              class="value_content"
                            >
                              <h4>
                                Selling & Promotion
                              </h4>
                              <p>
                                Learn about the announcement and promotional tools.
                              </p>
                            </div>
                          </a>
                        </div>
                        <div
                          class="value_props50"
                        >
                          <a
                            href="/"
                          >
                            <div
                              class="value_icon"
                            >
                              <img
                                alt=""
                                class="Help-icon-page"
                                src="Filecheckale.png"
                              />
                            </div>
                            <div
                              class="value_content"
                            >
                              <h4>
                                Quality Standards
                              </h4>
                              <p>
                                Learn what it takes to create a high-quality course.
                              </p>
                            </div>
                          </a>
                        </div>
                        <div
                          class="value_props50"
                        >
                          <a
                            href="/"
                          >
                            <div
                              class="value_icon"
                            >
                              <img
                                alt=""
                                class="Help-icon-page"
                                src="FileEdit.png"
                              />
                            </div>
                            <div
                              class="value_content"
                            >
                              <h4>
                                Course Building
                              </h4>
                              <p>
                                Build your course curriculum and landing page.
                              </p>
                            </div>
                          </a>
                        </div>
                        <div
                          class="value_props50"
                        >
                          <a
                            href="/"
                          >
                            <div
                              class="value_icon"
                            >
                              <img
                                alt=""
                                class="Help-icon-page"
                                src="CourseManagement.png"
                              />
                            </div>
                            <div
                              class="value_content"
                            >
                              <h4>
                                Course Management
                              </h4>
                              <p>
                                Maintain your course and engage with students.
                              </p>
                            </div>
                          </a>
                        </div>
                        <div
                          class="value_props50"
                        >
                          <a
                            href="/"
                          >
                            <div
                              class="value_icon"
                            >
                              <img
                                alt=""
                                class="Help-icon-page"
                                src="TrueFile.png"
                              />
                            </div>
                            <div
                              class="value_content"
                            >
                              <h4>
                                Trust & Safety
                              </h4>
                              <p>
                                Policy and copyright questions and guidance.
                              </p>
                            </div>
                          </a>
                        </div>
                      </div>
                    </div>
                  </div>
                  <div
                    class="tpc152"
                  >
                    <div
                      class="crse_content"
                    >
                      <h3>
                        Frequently Asked Questions
                      </h3>
                    </div>
                    <div
                      class="section3126 mt-20"
                    >
                      <div
                        class="Help2-grid-container"
                      >
                        <a
                          class="value_props51"
                          href="#"
                        >
                          Promote Your Course With Coupons and Referral Links
                        </a>
                        <a
                          class="value_props51"
                          href="#"
                        >
                          Cursus Course Quality Checklist
                        </a>
                        <a
                          class="value_props51"
                          href="#"
                        >
                          Instructor Revenue Share
                        </a>
                        <a
                          class="value_props51"
                          href="#"
                        >
                          Instructor Promotional Agreements and Cursus Deals
                        </a>
                        <a
                          class="value_props51"
                          href="#"
                        >
                          How to Become an Instructor: FAQ
                        </a>
                        <a
                          class="value_props51"
                          href="#"
                        >
                          How to Select Your Payout Method And Become a Premium Instructor
                        </a>
                      </div>
                    </div>
                  </div>
                </div>
              </div>
            </div>
          </div>
        </div>
      </div>
    </div>
  </div>
</div>
`;
