// Jest Snapshot v1, https://goo.gl/fbAQLP

exports[`Earning renders the Earning component 1`] = `
<div>
  <main
    class="earning"
  >
    <div
      class="earning-wrapper"
    >
      <div
        class="earning-title"
      >
        <div
          class="earning-label"
        >
          <div
            class="earning-icon"
          >
            <svg
              class="earning-coin-icon"
              fill="currentColor"
              height="1em"
              stroke="currentColor"
              stroke-width="0"
              viewBox="0 0 24 24"
              width="1em"
              xmlns="http://www.w3.org/2000/svg"
            >
              <path
                d="M0 0h24v24H0V0z"
                fill="none"
              />
              <path
                d="M11.8 10.9c-2.27-.59-3-1.2-3-2.15 0-1.09 1.01-1.85 2.7-1.85 1.78 0 2.44.85 2.5 2.1h2.21c-.07-1.72-1.12-3.3-3.21-3.81V3h-3v2.16c-1.94.42-3.5 1.68-3.5 3.61 0 2.31 1.91 3.46 4.7 4.13 2.5.6 3 1.48 3 2.41 0 .69-.49 1.79-2.7 1.79-2.06 0-2.87-.92-2.98-2.1h-2.2c.12 2.19 1.76 3.42 3.68 3.83V21h3v-2.15c1.95-.37 3.5-1.5 3.5-3.55 0-2.84-2.43-3.81-4.7-4.4z"
              />
            </svg>
          </div>
          <h3
            class="earning-earning"
          >
            Earning
          </h3>
        </div>
      </div>
      <div
        class="earning-summary"
      >
        <div
          class="earning-paragraph-background"
        >
          <div
            class="earning-heading-1-wrapper"
          >
            <div
              class="earning-heading-1"
            >
              Sales earnings this month (April), after edututs+ fees, & before taxes:
            </div>
          </div>
          <div
            class="earning-heading-2-wrapper"
          >
            <div
              class="earning-heading-2"
            >
              $1,146.78
            </div>
          </div>
        </div>
        <div
          class="earning-paragraph-background"
        >
          <div
            class="earning-heading-1-wrapper"
          >
            <div
              class="earning-heading-1"
            >
              Your balance:
            </div>
          </div>
          <div
            class="earning-heading-2-wrapper"
          >
            <div
              class="earning-heading-2"
            >
              $1,146.78
            </div>
          </div>
        </div>
        <div
          class="earning-paragraph-background"
        >
          <div
            class="earning-heading-1-wrapper"
          >
            <div
              class="earning-heading-1"
            >
              Total value of your sales, before taxes:
            </div>
          </div>
          <div
            class="earning-heading-2-wrapper"
          >
            <div
              class="earning-heading-2"
            >
              $95,895.54
            </div>
          </div>
        </div>
      </div>
      <div
        class="earning-table-wrapper"
      >
        <div
          class="earning-table-1"
        >
          <table
            class="earning-table-countries"
          >
            <thead>
              <tr>
                <th
                  class="earning-table-top-countries"
                >
                  Your Top Countries
                </th>
                <th />
              </tr>
            </thead>
            <tbody />
          </table>
        </div>
        <div
          class="earning-table-2"
        >
          <div
            class="earning-time-sale"
          >
            <div
              class="earning-item-sale"
            >
              <select
                id="sale"
                name="sale"
              >
                <option
                  hidden=""
                  value=""
                >
                  Item Sales
                </option>
                <option
                  value="total"
                >
                  Total Sales
                </option>
                <option
                  value="2020"
                >
                  2020
                </option>
              </select>
            </div>
            <div
              class="earning-items"
            >
              <a
                href="#"
              >
                 All Time
              </a>
              <div
                class="earning-symbol"
              >
                /
              </div>
              <a
                href="#"
              >
                2020
              </a>
              <div
                class="earning-symbol"
              >
                /
              </div>
              <div
                class="earning-month"
              >
                April
              </div>
            </div>
          </div>
          <div
            class="earning-table-data"
          >
            <table
              class="earning-table-items"
            >
              <thead>
                <tr>
                  <th>
                    Date
                  </th>
                  <th>
                    Item Sales Counts
                  </th>
                  <th>
                    Earning
                  </th>
                </tr>
              </thead>
              <tbody />
              <tfoot>
                <tr>
                  <td>
                    Total
                  </td>
                  <td>
                    0
                  </td>
                  <td>
                    $0.00
                  </td>
                </tr>
              </tfoot>
            </table>
          </div>
        </div>
      </div>
    </div>
  </main>
</div>
`;
