// Jest Snapshot v1, https://goo.gl/fbAQLP

exports[`Previews renders the Previews component 1`] = `
<div>
  <div>
    <div
      class="tab-pane fade active show"
    >
      <div
        class="student_reviews"
      >
        <div
          class="courses_detail_view-row"
        >
          <div
            class="cdv-col-lg-5"
          >
            <div
              class="reviews_left"
            >
              <h3>
                Student Feedback
              </h3>
              <div
                class="total_rating"
              >
                <div
                  class="_rate001"
                >
                  4.0
                </div>
                <div
                  class="p-rating-box"
                >
                  <img
                    class="cdv-rate-star"
                    src="star.png"
                  />
                  <img
                    class="cdv-rate-star"
                    src="star.png"
                  />
                  <img
                    class="cdv-rate-star"
                    src="star.png"
                  />
                  <img
                    class="cdv-rate-star"
                    src="star.png"
                  />
                  <img
                    class="p-star"
                    src="rating.png"
                  />
                </div>
                <div
                  class="p-rate002"
                >
                  Course Rating
                </div>
              </div>
              <div
                class="_rate003"
              >
                <div
                  class="_rate004"
                >
                  <div
                    class="p-progress"
                  >
                    <div
                      class="p-progress-bar"
                    />
                  </div>
                  <div
                    class="p-rating-box"
                  >
                    <img
                      class="cdv-rate-star"
                      src="star.png"
                    />
                    <img
                      class="cdv-rate-star"
                      src="star.png"
                    />
                    <img
                      class="cdv-rate-star"
                      src="star.png"
                    />
                    <img
                      class="cdv-rate-star"
                      src="star.png"
                    />
                    <img
                      class="cdv-rate-star"
                      src="star.png"
                    />
                  </div>
                  <div
                    class="p-rate002"
                  >
                    100%
                  </div>
                </div>
                <div
                  class="_rate004"
                >
                  <div
                    class="p-progress"
                  >
                    <div
                      class="p-progress-bar1"
                    />
                  </div>
                  <div
                    class="p-rating-box"
                  >
                    <img
                      class="cdv-rate-star"
                      src="star.png"
                    />
                    <img
                      class="cdv-rate-star"
                      src="star.png"
                    />
                    <img
                      class="cdv-rate-star"
                      src="star.png"
                    />
                    <img
                      class="cdv-rate-star"
                      src="star.png"
                    />
                    <img
                      class="p-star"
                      src="rating.png"
                    />
                  </div>
                  <div
                    class="p-rate002"
                  >
                    80%
                  </div>
                </div>
                <div
                  class="_rate004"
                >
                  <div
                    class="p-progress"
                  >
                    <div
                      class="p-progress-bar2"
                    />
                  </div>
                  <div
                    class="p-rating-box"
                  >
                    <img
                      class="cdv-rate-star"
                      src="star.png"
                    />
                    <img
                      class="cdv-rate-star"
                      src="star.png"
                    />
                    <img
                      class="cdv-rate-star"
                      src="star.png"
                    />
                    <img
                      class="p-star"
                      src="rating.png"
                    />
                    <img
                      class="p-star"
                      src="rating.png"
                    />
                  </div>
                  <div
                    class="p-rate002"
                  >
                    60%
                  </div>
                </div>
                <div
                  class="_rate004"
                >
                  <div
                    class="p-progress"
                  >
                    <div
                      class="p-progress-bar3"
                    />
                  </div>
                  <div
                    class="p-rating-box"
                  >
                    <img
                      class="cdv-rate-star"
                      src="star.png"
                    />
                    <img
                      class="cdv-rate-star"
                      src="star.png"
                    />
                    <img
                      class="p-star"
                      src="rating.png"
                    />
                    <img
                      class="p-star"
                      src="rating.png"
                    />
                    <img
                      class="p-star"
                      src="rating.png"
                    />
                  </div>
                  <div
                    class="p-rate002"
                  >
                    40%
                  </div>
                </div>
                <div
                  class="_rate004"
                >
                  <div
                    class="p-progress"
                  >
                    <div
                      class="p-progress-bar4"
                    />
                  </div>
                  <div
                    class="p-rating-box"
                  >
                    <img
                      class="cdv-rate-star"
                      src="star.png"
                    />
                    <img
                      class="p-star"
                      src="rating.png"
                    />
                    <img
                      class="p-star"
                      src="rating.png"
                    />
                    <img
                      class="p-star"
                      src="rating.png"
                    />
                    <img
                      class="p-star"
                      src="rating.png"
                    />
                  </div>
                  <div
                    class="p-rate002"
                  >
                    20%
                  </div>
                </div>
              </div>
            </div>
          </div>
          <div
            class="cdv-col-lg-7"
          >
            <div
              class="review_right"
            >
              <div
                class="review_right_heading"
              >
                <h3>
                  Reviews
                </h3>
                <div
                  class="review_search"
                >
                  <input
                    class="rv_srch"
                    placeholder="Search reviews..."
                    type="text"
                  />
                  <button
                    class="rvsrch_btn"
                  >
                    <img
                      src="search.png"
                    />
                  </button>
                </div>
              </div>
            </div>
            <div
              class="review_all120"
            >
              <div
                class="review_item"
              >
                <a
                  class="more_reviews"
                  href="#"
                >
                  See More Reviews
                </a>
              </div>
            </div>
          </div>
        </div>
      </div>
    </div>
  </div>
</div>
`;
