// Jest Snapshot v1, https://goo.gl/fbAQLP

exports[`PaidMembership renders the PaidMembership component 1`] = `
<div>
  <div>
    <header
      class="header1"
    >
      <a
        href="/home"
      >
        <button
          class="header-link1"
        >
          Back To Cursus
        </button>
      </a>
      <a
        href="/home"
      >
        <img
          alt=""
          class="header-group-icon"
          src="https://gambolthemes.net/html-items/cursus-new-demo/images/logo.svg"
        />
      </a>
      <img
        alt=""
        class="header-avatar"
        src="profile-img.jpg"
      />
    </header>
    <main>
      <div
        class="HelpView1-grid-container"
      >
        <div
          class="HelpView-title125"
        >
          <div
            class="HelpView-titleleft"
          >
            <div
              class="HelpView-ttl121"
            >
              <nav
                aria-label="breadcrumb"
              >
                <ol
                  class="HelpView-breadcrumb"
                >
                  <li
                    class="HelpView-breadcrumb-item"
                  >
                    <a
                      href="index.html"
                    >
                      Home
                    </a>
                  </li>
                  <li
                    aria-current="page"
                    class="HelpView-breadcrumb-item active"
                  >
                    /Paymember Ship
                  </li>
                </ol>
              </nav>
            </div>
          </div>
        </div>
        <div
          class="HelpView-title126"
        >
          <h2>
            Paymember Ship
          </h2>
        </div>
      </div>
      <div
        class="memb4d25"
      >
        <div
          class="PMMS-container"
        >
          <div
            class="membership-container"
          >
            <div
              class="membership-card"
            >
              <div
                class="membership-title"
              >
                <div>
                  <h2>
                    Baby Plan
                  </h2>
                  <div
                    class="membership-price"
                  >
                    $49/month
                  </div>
                  <div
                    class="save-price"
                  >
                    Save $79 when paid annually
                  </div>
                </div>
                <img
                  alt=""
                  class="Member-icon"
                  src="https://gambolthemes.net/html-items/cursus-new-demo/images/membership/icon-1.svg"
                />
              </div>
              <div
                class="membership-des"
              >
                <p>
                  For instructors launching their first digital products.
                </p>
              </div>
              <div
                class="accordion"
              >
                <details>
                  <summary
                    class="details-summary "
                  >
                    <div
                      class="left-content"
                    >
                      <img
                        alt=""
                        class="Check-icon"
                        src="check.png"
                      />
                      <span>
                        Your own shop
                      </span>
                    </div>
                    <span
                      class="icon"
                    >
                      ✚
                    </span>
                  </summary>
                  <div
                    class="panel-body"
                  >
                    Anim pariatur cliche reprehenderit, enim eiusmod high life accusamus terry richardson ad squid. VHS.
                  </div>
                </details>
                <details>
                  <summary
                    class="details-summary "
                  >
                    <div
                      class="left-content"
                    >
                      <img
                        alt=""
                        class="Check-icon"
                        src="check.png"
                      />
                      <span>
                        Online courses
                      </span>
                    </div>
                    <span
                      class="icon"
                    >
                      ✚
                    </span>
                  </summary>
                  <div
                    class="panel-body"
                  >
                    Anim pariatur cliche reprehenderit, enim eiusmod high life accusamus terry richardson ad squid.
                  </div>
                </details>
                <details>
                  <summary
                    class="details-summary "
                  >
                    <div
                      class="left-content"
                    >
                      <img
                        alt=""
                        class="Check-icon"
                        src="check.png"
                      />
                      <span>
                        Email marketing
                      </span>
                    </div>
                    <span
                      class="icon"
                    >
                      ✚
                    </span>
                  </summary>
                  <div
                    class="panel-body"
                  >
                    Anim pariatur cliche reprehenderit, enim eiusmod high life accusamus terry richardson ad squid.
                  </div>
                </details>
                <details>
                  <summary
                    class="details-summary "
                  >
                    <div
                      class="left-content"
                    >
                      <img
                        alt=""
                        class="Check-icon"
                        src="check.png"
                      />
                      <span>
                        Messaging
                      </span>
                    </div>
                    <span
                      class="icon"
                    >
                      ✚
                    </span>
                  </summary>
                  <div
                    class="panel-body"
                  >
                    Anim pariatur cliche reprehenderit, enim eiusmod high life accusamus terry richardson ad squid. le VHS.
                  </div>
                </details>
                <details>
                  <summary
                    class="details-summary "
                  >
                    <div
                      class="left-content"
                    >
                      <img
                        alt=""
                        class="Check-icon"
                        src="check.png"
                      />
                      <span>
                        Zero charges commissions 10 sales
                      </span>
                    </div>
                    <span
                      class="icon"
                    >
                      ✚
                    </span>
                  </summary>
                  <div
                    class="panel-body"
                  >
                    Anim pariatur cliche reprehenderit, enim eiusmod high life accusamus terry richardson ad squid.
                  </div>
                </details>
                <details>
                  <summary
                    class="details-summary "
                  >
                    <div
                      class="left-content"
                    >
                      <img
                        alt=""
                        class="Check-icon"
                        src="check.png"
                      />
                      <span>
                        7-days-a-week support
                      </span>
                    </div>
                    <span
                      class="icon"
                    >
                      ✚
                    </span>
                  </summary>
                  <div
                    class="panel-body"
                  >
                    Anim pariatur cliche reprehenderit, enim eiusmod high life accusamus terry richardson ad squid.
                  </div>
                </details>
                <details>
                  <summary
                    class="details-summary1 "
                  >
                    <div
                      class="left-content"
                    >
                      <img
                        alt=""
                        class="Check-icon"
                        src="Close-paidment.png"
                      />
                      <span>
                        Memberships
                      </span>
                    </div>
                  </summary>
                </details>
                <details>
                  <summary
                    class="details-summary1 "
                  >
                    <div
                      class="left-content"
                    >
                      <img
                        alt=""
                        class="Check-icon"
                        src="Close-paidment.png"
                      />
                      <span>
                        Blog
                      </span>
                    </div>
                  </summary>
                </details>
                <details>
                  <summary
                    class="details-summary1 "
                  >
                    <div
                      class="left-content"
                    >
                      <img
                        alt=""
                        class="Check-icon"
                        src="Close-paidment.png"
                      />
                      <span>
                        Affiliate marketing
                      </span>
                    </div>
                  </summary>
                </details>
                <details>
                  <summary
                    class="details-summary1 "
                  >
                    <div
                      class="left-content"
                    >
                      <img
                        alt=""
                        class="Check-icon"
                        src="Close-paidment.png"
                      />
                      <span>
                        Third-party code
                      </span>
                    </div>
                  </summary>
                </details>
              </div>
              <button
                class="prmb_btn1"
              >
                Purchase Membership
              </button>
            </div>
            <div
              class="membership-card"
            >
              <div
                class="membership-title"
              >
                <div>
                  <h2>
                    Business Plan
                  </h2>
                  <div
                    class="membership-price"
                  >
                    $99/month
                  </div>
                  <div
                    class="save-price"
                  >
                    Save $189 when paid annually
                  </div>
                </div>
                <img
                  alt=""
                  class="Member-icon"
                  src="https://gambolthemes.net/html-items/cursus-new-demo/images/membership/icon-2.svg"
                />
              </div>
              <div
                class="membership-des"
              >
                <p>
                  For instructors who are ready to grow their business.
                </p>
              </div>
              <div
                class="accordion"
              >
                <details>
                  <summary
                    class="details-summary "
                  >
                    <div
                      class="left-content"
                    >
                      <img
                        alt=""
                        class="Check-icon"
                        src="check.png"
                      />
                      <span>
                        Your own shop
                      </span>
                    </div>
                    <span
                      class="icon"
                    >
                      ✚
                    </span>
                  </summary>
                  <div
                    class="panel-body"
                  >
                    Anim pariatur cliche reprehenderit, enim eiusmod high life accusamus terry richardson ad squid. VHS.
                  </div>
                </details>
                <details>
                  <summary
                    class="details-summary "
                  >
                    <div
                      class="left-content"
                    >
                      <img
                        alt=""
                        class="Check-icon"
                        src="check.png"
                      />
                      <span>
                        Online courses
                      </span>
                    </div>
                    <span
                      class="icon"
                    >
                      ✚
                    </span>
                  </summary>
                  <div
                    class="panel-body"
                  >
                    Anim pariatur cliche reprehenderit, enim eiusmod high life accusamus terry richardson ad squid.
                  </div>
                </details>
                <details>
                  <summary
                    class="details-summary "
                  >
                    <div
                      class="left-content"
                    >
                      <img
                        alt=""
                        class="Check-icon"
                        src="check.png"
                      />
                      <span>
                        Email marketing
                      </span>
                    </div>
                    <span
                      class="icon"
                    >
                      ✚
                    </span>
                  </summary>
                  <div
                    class="panel-body"
                  >
                    Anim pariatur cliche reprehenderit, enim eiusmod high life accusamus terry richardson ad squid.
                  </div>
                </details>
                <details>
                  <summary
                    class="details-summary "
                  >
                    <div
                      class="left-content"
                    >
                      <img
                        alt=""
                        class="Check-icon"
                        src="check.png"
                      />
                      <span>
                        Messaging
                      </span>
                    </div>
                    <span
                      class="icon"
                    >
                      ✚
                    </span>
                  </summary>
                  <div
                    class="panel-body"
                  >
                    Anim pariatur cliche reprehenderit, enim eiusmod high life accusamus terry richardson ad squid. le VHS.
                  </div>
                </details>
                <details>
                  <summary
                    class="details-summary "
                  >
                    <div
                      class="left-content"
                    >
                      <img
                        alt=""
                        class="Check-icon"
                        src="check.png"
                      />
                      <span>
                        Zero charges commissions 10 sales
                      </span>
                    </div>
                    <span
                      class="icon"
                    >
                      ✚
                    </span>
                  </summary>
                  <div
                    class="panel-body"
                  >
                    Anim pariatur cliche reprehenderit, enim eiusmod high life accusamus terry richardson ad squid.
                  </div>
                </details>
                <details>
                  <summary
                    class="details-summary "
                  >
                    <div
                      class="left-content"
                    >
                      <img
                        alt=""
                        class="Check-icon"
                        src="check.png"
                      />
                      <span>
                        7-days-a-week support
                      </span>
                    </div>
                    <span
                      class="icon"
                    >
                      ✚
                    </span>
                  </summary>
                  <div
                    class="panel-body"
                  >
                    Anim pariatur cliche reprehenderit, enim eiusmod high life accusamus terry richardson ad squid.
                  </div>
                </details>
                <details>
                  <summary
                    class="details-summary "
                  >
                    <div
                      class="left-content"
                    >
                      <img
                        alt=""
                        class="Check-icon"
                        src="check.png"
                      />
                      <span>
                        Memberships
                      </span>
                    </div>
                    <span
                      class="icon"
                    >
                      ✚
                    </span>
                  </summary>
                  <div
                    class="panel-body"
                  >
                    Anim pariatur cliche reprehenderit, enim eiusmod high life accusamus terry richardson ad squid.
                  </div>
                </details>
                <details>
                  <summary
                    class="details-summary "
                  >
                    <div
                      class="left-content"
                    >
                      <img
                        alt=""
                        class="Check-icon"
                        src="check.png"
                      />
                      <span>
                        Memberships
                      </span>
                    </div>
                    <span
                      class="icon"
                    >
                      ✚
                    </span>
                  </summary>
                  <div
                    class="panel-body"
                  >
                    Anim pariatur cliche reprehenderit, enim eiusmod high life accusamus terry richardson ad squid.
                  </div>
                </details>
                <details>
                  <summary
                    class="details-summary "
                  >
                    <div
                      class="left-content"
                    >
                      <img
                        alt=""
                        class="Check-icon"
                        src="check.png"
                      />
                      <span>
                        Affiliate marketing
                      </span>
                    </div>
                    <span
                      class="icon"
                    >
                      ✚
                    </span>
                  </summary>
                  <div
                    class="panel-body"
                  >
                    Anim pariatur cliche reprehenderit, enim eiusmod high life accusamus terry richardson ad squid.
                  </div>
                </details>
                <details>
                  <summary
                    class="details-summary "
                  >
                    <div
                      class="left-content"
                    >
                      <img
                        alt=""
                        class="Check-icon"
                        src="check.png"
                      />
                      <span>
                        Third-party code
                      </span>
                    </div>
                    <span
                      class="icon"
                    >
                      ✚
                    </span>
                  </summary>
                  <div
                    class="panel-body"
                  >
                    Anim pariatur cliche reprehenderit, enim eiusmod high life accusamus terry richardson ad squid.
                  </div>
                </details>
              </div>
              <button
                class="prmb_btn"
              >
                Purchase Membership
              </button>
            </div>
          </div>
          <div
            class="Paidmember1-grid-container"
          >
            <div
              class="title-section"
            >
              <h2>
                Membership FAQ
              </h2>
              <p>
                Wait, what about…
              </p>
            </div>
            <div
              class="faq-section"
            >
              <details
                class="faq-item"
              >
                <summary>
                  Is it easy to change plans?
                </summary>
                <div
                  class="panel-body"
                >
                  Anim pariatur cliche reprehenderit, enim eiusmod high life accusamus terry richardson ad squid.le VHS.
                </div>
              </details>
              <details
                class="faq-item"
              >
                <summary>
                  Can I cancel at any time?
                </summary>
                <div
                  class="panel-body"
                >
                  Anim pariatur cliche reprehenderit, enim eiusmod high life accusamus terry richardson ad squid.
                </div>
              </details>
              <details
                class="faq-item"
              >
                <summary>
                  Are there any credit card or PayPal fees?
                </summary>
                <div
                  class="panel-body"
                >
                  Anim pariatur cliche reprehenderit, enim eiusmod high life accusamus terry richardson ad squid.
                </div>
              </details>
              <details
                class="faq-item"
              >
                <summary>
                  Do I have to choose my plan before I start my trial?
                </summary>
                <div
                  class="panel-body"
                >
                  Anim pariatur cliche reprehenderit, enim eiusmod high life accusamus terry richardson ad squid.
                </div>
              </details>
              <details
                class="faq-item"
              >
                <summary>
                  Edututs+ isn’t for me. Can I have a refund?
                </summary>
                <div
                  class="panel-body"
                >
                  Anim pariatur cliche reprehenderit, enim eiusmod high life accusamus terry richardson ad squid.
                </div>
              </details>
              <details
                class="faq-item"
              >
                <summary>
                  How do I get my money? 
                </summary>
                <div
                  class="panel-body"
                >
                  Anim pariatur cliche reprehenderit, enim eiusmod high life accusamus terry richardson ad squid.
                </div>
              </details>
              <details
                class="faq-item"
              >
                <summary>
                  Do I need a credit card to sign up?
                </summary>
                <div
                  class="panel-body"
                >
                  Anim pariatur cliche reprehenderit, enim eiusmod high life accusamus terry richardson ad squid.
                </div>
              </details>
              <details
                class="faq-item"
              >
                <summary>
                  Is Edututs+ safe and secure for online transactions?
                </summary>
                <div
                  class="panel-body"
                >
                  Anim pariatur cliche reprehenderit, enim eiusmod high life accusamus terry richardson ad squid.
                </div>
              </details>
              <details
                class="faq-item"
              >
                <summary>
                  I still have questions. HELP!
                </summary>
                <div
                  class="panel-body"
                >
                  Anim pariatur cliche reprehenderit, enim eiusmod high life accusamus terry richardson ad squid.
                </div>
              </details>
            </div>
          </div>
        </div>
      </div>
    </main>
    <footer
      class="footer footer-large-container"
    >
      <div
        class="footer-links"
      >
        <div
          class="footer-column"
        >
          <a
            class="link"
            href="/about-us"
          >
            About
          </a>
          <a
            class="link"
            href="/blog-single-view/:id"
          >
            Blog
          </a>
          <a
            class="link"
            href="/career"
          >
            Careers
          </a>
          <a
            class="link"
            href="/press"
          >
            Press
          </a>
        </div>
        <div
          class="footer-column"
        >
          <a
            class="link"
            href="/help"
          >
            Help
          </a>
          <a
            class="link"
            href="/coming-soon"
          >
            Advertise
          </a>
          <a
            class="link"
            href="/coming-soon"
          >
            Developers
          </a>
          <a
            class="link"
            href="/contactus"
          >
            Contact Us
          </a>
        </div>
        <div
          class="footer-column"
        >
          <a
            class="link"
            href="/termsofuse"
          >
            Copyright Policy
          </a>
          <a
            class="link"
            href="/termsofuse"
          >
            Terms
          </a>
          <a
            class="link"
            href="/termsofuse"
          >
            Privacy Policy
          </a>
          <a
            class="link"
            href="/sitemap"
          >
            Sitemap
          </a>
        </div>
        <div
          class="footer-column"
        >
          <button
            class="teach-button"
          >
            Teach on Cursus
          </button>
          <div
            class="language-selector"
          >
            <button>
              Language 
              <span>
                ▼
              </span>
            </button>
          </div>
        </div>
      </div>
      <div
        class="footer-bottom"
      >
        <div
          class="footer-copy"
        >
          <img
            alt=""
            src="https://gambolthemes.net/html-items/cursus-new-demo/images/logo1.svg"
          />
          © 2024 
          <strong>
            Cursus
          </strong>
          . All Rights Reserved.
        </div>
        <div
          class="footer-social"
        >
          <a
            href="/home"
          >
            <img
              alt=""
              class="social-icon"
              src="facebook.png"
            />
          </a>
          <a
            href="/home"
          >
            <img
              alt=""
              class="social-icon"
              src="x.png"
            />
          </a>
          <a
            href="/home"
          >
            <img
              alt=""
              class="social-icon"
              src="google+.png"
            />
          </a>
          <a
            href="/home"
          >
            <img
              alt=""
              class="social-icon"
              src="linkedin.png"
            />
          </a>
          <a
            href="/home"
          >
            <img
              alt=""
              class="social-icon"
              src="insta.png"
            />
          </a>
          <a
            href="/home"
          >
            <img
              alt=""
              class="social-icon"
              src="pinterest.png"
            />
          </a>
        </div>
      </div>
    </footer>
  </div>
</div>
`;
