// Jest Snapshot v1, https://goo.gl/fbAQLP

exports[`CertificationFillForm renders the CertificationFillForm component 1`] = `
<div>
  <header
    class="header1"
  >
    <a
      href="/home"
    >
      <button
        class="header-link1"
      >
        Back To Cursus
      </button>
    </a>
    <a
      href="/home"
    >
      <img
        alt=""
        class="header-group-icon"
        src="https://gambolthemes.net/html-items/cursus-new-demo/images/logo.svg"
      />
    </a>
    <img
      alt=""
      class="header-avatar"
      src="profile-img.jpg"
    />
  </header>
  <div
    class="CertificationFillForm_Main"
  >
    <div
      class="CertificationFillForm_Title"
    >
      <div
        class="CertificationFillForm_Title_Container"
      >
        <div
          class="CertificationFillForm_Small_Title"
        >
          <div
            class="CertificationFillForm_Small_Title_Left"
          >
            <a
              href="/home"
            >
              Home 
            </a>
            <a
              href="/certificationcenter"
            >
               / Certification Center 
            </a>
            <p>
               / Certification Fill Form
            </p>
          </div>
          <div
            class="CertificationFillForm_Small_Title_Right"
          >
            <a
              href="/certificationcenter"
            >
              Back to Certification Center
            </a>
          </div>
        </div>
        <div
          class="CertificationFillForm_Big_Title"
        >
          <h2>
            Certification Fill Form
          </h2>
        </div>
      </div>
    </div>
  </div>
  <div
    class="CertificationFillForm_Body"
  >
    <div
      class="CertificationFillForm_Container"
    >
      <div
        class="CertificationFillForm_Form"
      >
        <div
          class="CertificationFillForm_Sign_Form"
        >
          <h2>
            Fill in before you start:
          </h2>
          <form>
            <div
              class="CertificationFillForm_Sign_Form_Input SFI40"
            >
              <input
                class="CertificationFillForm_srch_explore"
                id="id_fullname"
                maxlength="64"
                name="fullname"
                placeholder="Full Name"
                required=""
                type="text"
              />
            </div>
            <div
              class="CertificationFillForm_Sign_Form_Input SFI15"
            >
              <input
                class="CertificationFillForm_srch_explore"
                id="id_email"
                maxlength="64"
                name="emailaddress"
                placeholder="Email Address"
                required=""
                type="email"
              />
            </div>
            <div
              class="CertificationFillForm_Sign_Form_Input SFI15"
            >
              <input
                class="CertificationFillForm_srch_explore"
                id="id_phonenumber"
                maxlength="10"
                name="phonenumber"
                placeholder="Phone Number"
                required=""
                type="text"
              />
            </div>
            <div
              class="CertificationFillForm_Category_Cop"
            >
              <h4>
                Select Category
              </h4>
              <div
                class="CertificationFillForm_Category_Cop_Items"
              >
                <div>
                  <span>
                    Development
                  </span>
                  <span>
                    +
                  </span>
                </div>
              </div>
              <div
                class="CertificationFillForm_Category_Cop_Items"
              >
                <div>
                  <span>
                    Finance & Accounting
                  </span>
                  <span>
                    +
                  </span>
                </div>
              </div>
              <div
                class="CertificationFillForm_Category_Cop_Items"
              >
                <div>
                  <span>
                    Design
                  </span>
                  <span>
                    +
                  </span>
                </div>
              </div>
              <div
                class="CertificationFillForm_Category_Cop_Items"
              >
                <div>
                  <span>
                    Marketing
                  </span>
                  <span>
                    +
                  </span>
                </div>
              </div>
              <div
                class="CertificationFillForm_Category_Cop_Items"
              >
                <div>
                  <span>
                    Teaching & Academy
                  </span>
                  <span>
                    +
                  </span>
                </div>
              </div>
            </div>
            <p
              class="CertificationFillForm_testtrm145"
            >
              By signing up, you agree to our
              <a
                href="/termsofuse"
              >
                 Privacy Policy
              </a>
               and 
              <a
                href="/termsofuse"
              >
                Terms and Conditions
              </a>
              .
            </p>
            <button
              class="CertificationFillForm_login_btn"
              type="submit"
            >
              Lets Go
            </button>
            <p
              class="CertificationFillForm_questrm145"
            >
              Please be ready to answer 
              <span>
                20 questions
              </span>
               within 
              <span>
                1 hours
              </span>
              .
            </p>
          </form>
        </div>
      </div>
    </div>
  </div>
  <footer
    class="footer footer-large-container"
  >
    <div
      class="footer-links"
    >
      <div
        class="footer-column"
      >
        <a
          class="link"
          href="/about-us"
        >
          About
        </a>
        <a
          class="link"
          href="/blog-single-view/:id"
        >
          Blog
        </a>
        <a
          class="link"
          href="/career"
        >
          Careers
        </a>
        <a
          class="link"
          href="/press"
        >
          Press
        </a>
      </div>
      <div
        class="footer-column"
      >
        <a
          class="link"
          href="/help"
        >
          Help
        </a>
        <a
          class="link"
          href="/coming-soon"
        >
          Advertise
        </a>
        <a
          class="link"
          href="/coming-soon"
        >
          Developers
        </a>
        <a
          class="link"
          href="/contactus"
        >
          Contact Us
        </a>
      </div>
      <div
        class="footer-column"
      >
        <a
          class="link"
          href="/termsofuse"
        >
          Copyright Policy
        </a>
        <a
          class="link"
          href="/termsofuse"
        >
          Terms
        </a>
        <a
          class="link"
          href="/termsofuse"
        >
          Privacy Policy
        </a>
        <a
          class="link"
          href="/sitemap"
        >
          Sitemap
        </a>
      </div>
      <div
        class="footer-column"
      >
        <button
          class="teach-button"
        >
          Teach on Cursus
        </button>
        <div
          class="language-selector"
        >
          <button>
            Language 
            <span>
              ▼
            </span>
          </button>
        </div>
      </div>
    </div>
    <div
      class="footer-bottom"
    >
      <div
        class="footer-copy"
      >
        <img
          alt=""
          src="https://gambolthemes.net/html-items/cursus-new-demo/images/logo1.svg"
        />
        © 2024 
        <strong>
          Cursus
        </strong>
        . All Rights Reserved.
      </div>
      <div
        class="footer-social"
      >
        <a
          href="/home"
        >
          <img
            alt=""
            class="social-icon"
            src="facebook.png"
          />
        </a>
        <a
          href="/home"
        >
          <img
            alt=""
            class="social-icon"
            src="x.png"
          />
        </a>
        <a
          href="/home"
        >
          <img
            alt=""
            class="social-icon"
            src="google+.png"
          />
        </a>
        <a
          href="/home"
        >
          <img
            alt=""
            class="social-icon"
            src="linkedin.png"
          />
        </a>
        <a
          href="/home"
        >
          <img
            alt=""
            class="social-icon"
            src="insta.png"
          />
        </a>
        <a
          href="/home"
        >
          <img
            alt=""
            class="social-icon"
            src="pinterest.png"
          />
        </a>
      </div>
    </div>
  </footer>
</div>
`;
