// Jest Snapshot v1, https://goo.gl/fbAQLP

exports[`MyCourse renders the MyCourse component 1`] = `
<div>
  <div
    class="MyCoursePage"
  >
    <div
      class="MyCoursePage-grid-container"
    >
      <div
        class="MyCoursePage-grid-item"
      >
        <div
          class="MyCoursePage-st_title"
        >
          <img
            class="Edit-icon"
            src="MyCourse-Book.png"
          />
          Course
        </div>
      </div>
    </div>
    <div
      class="MyCoursePage1-grid-container"
    >
      <div
        class="MyCoursePage1-grid-item"
      >
        <div
          class="MyCoursePage1-card_dash1"
        >
          <div
            class="MyCoursePage1-card_dash_left1"
          >
            <img
              class="Edit-icon1"
              src="MyCourse-Book.png"
            />
            <h1>
              Jump Into Course Creation
            </h1>
          </div>
          <div
            class="MyCoursePage1-card_dash_right1"
          >
            <a
              href="/create-course"
            >
              <button
                class="MyCoursePage1-create_btn_dash"
              >
                Create Your Course
              </button>
            </a>
          </div>
        </div>
      </div>
    </div>
    <div
      class="MyCourse-selec-container"
    >
      <div
        class="MyCourse-nav-container MyCourse-my_crse_nav"
        id="pills-tab"
        role="tablist"
      >
        <div
          class="MyCourse-nav-item"
        >
          <a
            aria-selected="true"
            class="MyCourse-nav-link active"
            role="tab"
          >
            <img
              class="Edit-icon"
              src="MyCourse-Book1.png"
            />
             My Courses
          </a>
        </div>
        <div
          class="MyCourse-nav-item"
        >
          <a
            aria-selected="false"
            class="MyCourse-nav-link "
            role="tab"
          >
            <img
              class="Edit-icon"
              src="DowLoadMyCourse1.png"
            />
            My Purchases
          </a>
        </div>
        <div
          class="MyCourse-nav-item"
        >
          <a
            aria-selected="false"
            class="MyCourse-nav-link "
            role="tab"
          >
            <img
              class="Edit-icon"
              src="uploadmc1.png"
            />
             Upcoming Courses
          </a>
        </div>
        <div
          class="MyCourse-nav-item"
        >
          <a
            aria-selected="false"
            class="MyCourse-nav-link "
            role="tab"
          >
            <img
              class="Edit-icon"
              src="discount.png"
            />
             Discounts
          </a>
        </div>
        <div
          class="MyCourse-nav-item"
        >
          <a
            aria-selected="false"
            class="MyCourse-nav-link "
            role="tab"
          >
            <img
              class="Edit-icon"
              src="Megaphone2.png"
            />
             Promotions
          </a>
        </div>
      </div>
      <div
        class="MyCourse-tab-content"
      >
        <div
          class="MyCourse-tab-pane active"
          id="my-courses-tab"
          role="tabpanel"
        >
          <div
            class="MyCouser-containerr"
          >
            <div
              class="MyCouser-table-container"
            >
              <table
                class="MyCourse-table ucp-table"
              >
                <thead
                  class="MyCourse-thead-s"
                >
                  <tr>
                    <th
                      class="MyCourse-text-center"
                      scope="col"
                    >
                      Item No.
                    </th>
                    <th
                      class="MyCourse-text-center"
                    >
                      Title
                    </th>
                    <th
                      class="MyCourse-text-center"
                      scope="col"
                    >
                      Publish Date
                    </th>
                    <th
                      class="MyCourse-text-center"
                      scope="col"
                    >
                      Sales
                    </th>
                    <th
                      class="MyCourse-text-center"
                      scope="col"
                    >
                      Parts
                    </th>
                    <th
                      class="MyCourse-text-center"
                      scope="col"
                    >
                      Category
                    </th>
                    <th
                      class="MyCourse-text-center"
                      scope="col"
                    >
                      Status
                    </th>
                    <th
                      class="MyCourse-text-center"
                      scope="col"
                    >
                      Action
                    </th>
                  </tr>
                </thead>
                <tbody>
                  <tr>
                    <td
                      colspan="8"
                    >
                      Loading...
                    </td>
                  </tr>
                </tbody>
              </table>
            </div>
          </div>
        </div>
      </div>
    </div>
  </div>
</div>
`;
