// Jest Snapshot v1, https://goo.gl/fbAQLP

exports[`SearchResult renders the SearchResult component 1`] = `
<div>
  <header
    class="header1"
  >
    <a
      href="/home"
    >
      <button
        class="header-link1"
      >
        Back To Cursus
      </button>
    </a>
    <a
      href="/home"
    >
      <img
        alt=""
        class="header-group-icon"
        src="https://gambolthemes.net/html-items/cursus-new-demo/images/logo.svg"
      />
    </a>
    <img
      alt=""
      class="header-avatar"
      src="profile-img.jpg"
    />
  </header>
  <div
    class="Search_Result_Container"
  >
    <div
      class="Search_Result_Title"
    >
      <div
        class="Small_SR_Title"
      >
        <div
          class="Small_SR_Title_Left"
        >
          <a
            href="/home"
          >
            Home 
          </a>
          <p>
            / Search Results
          </p>
        </div>
        <div
          class="Small_SR_Title_Right"
        >
          <img
            alt=""
            class="search-icon"
            src="search.png"
          />
          <input
            placeholder="Search "
            type="text"
          />
        </div>
      </div>
      <div
        class="Main_Title"
      >
        <h2>
          Search Results
        </h2>
      </div>
    </div>
    <div
      class="Search_Result_Body"
    >
      <div
        class="SR_Left_Col"
      >
        <div
          class="Search_Result_Body_Left"
        >
          <div
            class="SR_Filter_Sort_Container"
          >
            <div
              class="SR_Filter"
            >
              Filters
            </div>
            <div
              class="SR_Sort"
            >
              <p>
                Sort
              </p>
              <span
                class="SR_Dropdown_Sort"
              >
                <img
                  alt="Dropdown Icon"
                  class="Sort_Dropdown_Icon"
                  src="dropdown.png"
                />
              </span>
            </div>
          </div>
          <div
            class="Sort_Tbl"
          >
            <div
              class="SR_Tbl_Content"
            >
              <div>
                <span>
                  Topic
                </span>
                <span>
                  +
                </span>
              </div>
            </div>
            <div
              class="SR_Tbl_Content"
            >
              <div>
                <span>
                  Levels
                </span>
                <span>
                  +
                </span>
              </div>
            </div>
            <div
              class="SR_Tbl_Content"
            >
              <div>
                <span>
                  Languages
                </span>
                <span>
                  +
                </span>
              </div>
            </div>
            <div
              class="SR_Tbl_Content"
            >
              <div>
                <span>
                  Prices
                </span>
                <span>
                  +
                </span>
              </div>
            </div>
            <div
              class="SR_Tbl_Content"
            >
              <div>
                <span>
                  Features
                </span>
                <span>
                  +
                </span>
              </div>
            </div>
            <div
              class="SR_Tbl_Content"
            >
              <div>
                <span>
                  Ratings
                </span>
                <span>
                  +
                </span>
              </div>
            </div>
            <div
              class="SR_Tbl_Content"
            >
              <div>
                <span>
                  Video Durations
                </span>
                <span>
                  +
                </span>
              </div>
            </div>
            <div
              class="SR_Tbl_Content"
            >
              <div>
                <span>
                  Close Captions
                </span>
                <span>
                  +
                </span>
              </div>
            </div>
          </div>
        </div>
      </div>
      <div
        class="SR_Right_Col"
      >
        <div
          class="Search_Result_Body_Right"
        >
          <h4
            class="SR_Num_Result"
          >
            4
             Results
          </h4>
        </div>
      </div>
    </div>
    <section
      class="load-more"
    >
      <div
        class="spinner"
      >
        <div
          class="bounce1"
        />
        <div
          class="bounce2"
        />
        <div
          class="bounce3"
        />
      </div>
    </section>
  </div>
  <footer
    class="footer footer-large-container"
  >
    <div
      class="footer-links"
    >
      <div
        class="footer-column"
      >
        <a
          class="link"
          href="/about-us"
        >
          About
        </a>
        <a
          class="link"
          href="/blog-single-view/:id"
        >
          Blog
        </a>
        <a
          class="link"
          href="/career"
        >
          Careers
        </a>
        <a
          class="link"
          href="/press"
        >
          Press
        </a>
      </div>
      <div
        class="footer-column"
      >
        <a
          class="link"
          href="/help"
        >
          Help
        </a>
        <a
          class="link"
          href="/coming-soon"
        >
          Advertise
        </a>
        <a
          class="link"
          href="/coming-soon"
        >
          Developers
        </a>
        <a
          class="link"
          href="/contactus"
        >
          Contact Us
        </a>
      </div>
      <div
        class="footer-column"
      >
        <a
          class="link"
          href="/termsofuse"
        >
          Copyright Policy
        </a>
        <a
          class="link"
          href="/termsofuse"
        >
          Terms
        </a>
        <a
          class="link"
          href="/termsofuse"
        >
          Privacy Policy
        </a>
        <a
          class="link"
          href="/sitemap"
        >
          Sitemap
        </a>
      </div>
      <div
        class="footer-column"
      >
        <button
          class="teach-button"
        >
          Teach on Cursus
        </button>
        <div
          class="language-selector"
        >
          <button>
            Language 
            <span>
              ▼
            </span>
          </button>
        </div>
      </div>
    </div>
    <div
      class="footer-bottom"
    >
      <div
        class="footer-copy"
      >
        <img
          alt=""
          src="https://gambolthemes.net/html-items/cursus-new-demo/images/logo1.svg"
        />
        © 2024 
        <strong>
          Cursus
        </strong>
        . All Rights Reserved.
      </div>
      <div
        class="footer-social"
      >
        <a
          href="/home"
        >
          <img
            alt=""
            class="social-icon"
            src="facebook.png"
          />
        </a>
        <a
          href="/home"
        >
          <img
            alt=""
            class="social-icon"
            src="x.png"
          />
        </a>
        <a
          href="/home"
        >
          <img
            alt=""
            class="social-icon"
            src="google+.png"
          />
        </a>
        <a
          href="/home"
        >
          <img
            alt=""
            class="social-icon"
            src="linkedin.png"
          />
        </a>
        <a
          href="/home"
        >
          <img
            alt=""
            class="social-icon"
            src="insta.png"
          />
        </a>
        <a
          href="/home"
        >
          <img
            alt=""
            class="social-icon"
            src="pinterest.png"
          />
        </a>
      </div>
    </div>
  </footer>
</div>
`;
