// Jest Snapshot v1, https://goo.gl/fbAQLP

exports[`StatementIS renders the StatementIS component 1`] = `
<div>
  <div
    class="statementis"
  >
    <div
      class="statementis-row"
    >
      <div
        class="statementis-col-lg-12"
      >
        <h2
          class="st_title"
        >
          <i
            class="uil uil-file-alt"
          />
           Statements
        </h2>
      </div>
    </div>
    <div
      class="statementis-row"
    >
      <div
        class="statementis-col-lg-8"
      >
        <div
          class="top_countries mt-30"
        >
          <div
            class="top_countries_title"
          >
            <h2>
              Earnings
            </h2>
          </div>
          <div
            class="statement_content"
          >
            <p
              class="tt-body"
            >
              If you are not an instrutor, you can't use this section.
            </p>
            <div>
              <table
                class="statement-summary__table"
              >
                <thead>
                  <tr>
                    <th>
                      <p
                        class="t-heading"
                      >
                        My funds
                      </p>
                    </th>
                    <th>
                      <p
                        class="t-heading"
                      >
                        Earnings
                      </p>
                    </th>
                    <th>
                      <p
                        class="t-heading"
                      >
                        Cursus Fees
                      </p>
                    </th>
                  </tr>
                </thead>
                <tbody>
                  <tr>
                    <td
                      class="statement-summary__funds"
                    >
                      <p
                        class="js-earnings__instructor-funds-wrapper"
                      >
                        <span
                          class=""
                        />
                        <span
                          class="js-earnngs__instructor-funds t-currency"
                        >
                          $289.64
                        </span>
                      </p>
                    </td>
                    <td
                      class="statement-summary__earnings"
                    >
                      <p
                        class="js-earnings__earnings-wrapper"
                      >
                        <span
                          class="tt__earning"
                        >
                          +
                        </span>
                        <span
                          class="js-earnings__earnings t-currency"
                        >
                          $458.00
                        </span>
                      </p>
                    </td>
                    <td
                      class="statement-summary__fees"
                    >
                      <p
                        class="js-earnings__fees-wrapper"
                      >
                        <span
                          class="tt__earning"
                        >
                          -
                        </span>
                        <span
                          class="js-earnings__fees t-currency"
                        >
                          $154.86
                        </span>
                      </p>
                    </td>
                  </tr>
                </tbody>
              </table>
            </div>
          </div>
        </div>
      </div>
      <div
        class="statementis-col-lg-4"
      >
        <div
          class="top_countries mt-30"
        >
          <div
            class="top_countries_title"
          >
            <h2>
              View Invoices
            </h2>
          </div>
          <div
            class="statement_invoice_content"
          >
            <div
              class="date_selector"
            >
              <div
                class="ui selection"
                tabindex="0"
              >
                <input
                  name="date"
                  type="hidden"
                  value="Monthly Invoices"
                />
                <div
                  class="sis-drop"
                >
                  <span
                    class="section-title-wrapper"
                  >
                    <span
                      class="section-title-text"
                    >
                      Monthly Invoices
                    </span>
                    <img
                      alt="Dropdown Icon"
                      class="sidebar-dropdown-caret-icon"
                      src="dropdown.png"
                    />
                  </span>
                </div>
              </div>
              <button
                class="st_download_btn"
              >
                <i
                  class="uil uil-download-alt"
                />
              </button>
            </div>
          </div>
        </div>
      </div>
      <div
        class="statementis-col-lg-12"
      >
        <div
          class="more_options_tt"
        >
          <li>
            <div>
              <button
                class="more_items_14 active"
              >
                This Month
              </button>
            </div>
          </li>
          <li>
            <div>
              <button
                class="more_items_14"
              >
                Last Month
              </button>
            </div>
          </li>
          <li>
            <div
              class="explore_search"
            >
              <div
                class="sis-search-box"
              >
                <div
                  class="sis-box-iput"
                >
                  <input
                    class="sis-search"
                    placeholder="Document Number"
                    type="text"
                  />
                  <i
                    class="uil uil-search-alt icon icon8"
                  />
                </div>
              </div>
            </div>
          </li>
        </div>
      </div>
    </div>
    <div
      class="MyCourse-tab-pane active"
      id="my-courses-tab"
      role="tabpanel"
    >
      <div
        class="MyCouser-containerr"
      >
        <div
          class="MyCouser-table-container"
        >
          <table
            class="MyCourse-table ucp-table"
          >
            <thead
              class="MyCourse-thead-s"
            >
              <tr>
                <th
                  class="MyCourse-text-center"
                  scope="col"
                >
                  Date
                </th>
                <th
                  class="MyCourse-text-center"
                >
                  Order ID
                </th>
                <th
                  class="MyCourse-text-center"
                  scope="col"
                >
                  Type
                </th>
                <th
                  class="MyCourse-text-center"
                  scope="col"
                >
                  Title
                </th>
                <th
                  class="MyCourse-text-center"
                  scope="col"
                >
                  Amount
                </th>
                <th
                  class="MyCourse-text-center"
                  scope="col"
                >
                  Fees
                </th>
                <th
                  class="MyCourse-text-center"
                  scope="col"
                >
                  Invoice
                </th>
              </tr>
            </thead>
            <tbody />
          </table>
        </div>
      </div>
    </div>
  </div>
</div>
`;
