// Jest Snapshot v1, https://goo.gl/fbAQLP

exports[`ShopingCart renders the ShopingCart component 1`] = `
<div>
  <div
    class="ShoppingPage"
  >
    <header
      class="header1"
    >
      <a
        href="/home"
      >
        <button
          class="header-link1"
        >
          Back To Cursus
        </button>
      </a>
      <a
        href="/home"
      >
        <img
          alt=""
          class="header-group-icon"
          src="https://gambolthemes.net/html-items/cursus-new-demo/images/logo.svg"
        />
      </a>
      <img
        alt=""
        class="header-avatar"
        src="profile-img.jpg"
      />
    </header>
    <div
      class="HelpView1-grid-container"
    >
      <div
        class="HelpView-title125"
      >
        <div
          class="HelpView-titleleft"
        >
          <div
            class="HelpView-ttl121"
          >
            <nav
              aria-label="breadcrumb"
            >
              <ol
                class="HelpView-breadcrumb"
              >
                <li
                  class="HelpView-breadcrumb-item"
                >
                  <a
                    href="/"
                  >
                    Home
                  </a>
                </li>
                <li
                  aria-current="page"
                  class="HelpView-breadcrumb-item active"
                >
                  /Shopping Cart
                </li>
              </ol>
            </nav>
          </div>
        </div>
      </div>
      <div
        class="HelpView-title126"
      >
        <h2>
          Shopping Cart
        </h2>
      </div>
    </div>
    <main>
      <div
        class="Shopping-Container"
      >
        <div
          class="Billing-Details-GridContainer"
        >
          <div
            class="Shopping-fcrse-container"
          />
        </div>
        <div
          class="OrderSumury-GridContainer"
        >
          <div
            class="membership_chk_bg rght1528"
          >
            <div
              class="checkout_title"
            >
              <h4>
                Total
              </h4>
              <img
                alt="line"
                src="https://gambolthemes.net/html-items/cursus-new-demo/images/line.svg"
              />
            </div>
            <div
              class="order_dt_section"
            >
              <div
                class="order_title"
              >
                <h4>
                  Original Price
                </h4>
                <div
                  class="order_price"
                >
                  $
                  0.00
                </div>
              </div>
              <div
                class="order_title"
              >
                <h6>
                  Discount
                </h6>
                <div
                  class="order_price"
                >
                  $
                  0.00
                </div>
              </div>
              <div
                class="order_title"
              >
                <h2>
                  Total
                </h2>
                <div
                  class="order_price5"
                >
                  $
                  0.00
                </div>
              </div>
              <div
                class="SS-Shopping-coupon_code"
              >
                <p>
                  Enter a discount amount:
                </p>
              </div>
              <div
                class="SS-coupon_input"
              >
                <div
                  class="SS-ui SS-shopping focus mt-15"
                >
                  <div
                    class="SS-input-container"
                  >
                    <input
                      class="SS-srch_shopping"
                      id="id_coupon_code"
                      name="couponcode"
                      placeholder="Enter Discount Amount"
                      type="text"
                      value=""
                    />
                    <button
                      class="SS-Shopping-code-apply-btn"
                      type="button"
                    >
                      Apply
                    </button>
                  </div>
                </div>
              </div>
              <button
                class="Shopping-chck-btn22"
              >
                Checkout Now
              </button>
            </div>
          </div>
        </div>
      </div>
    </main>
    <footer
      class="footer footer-large-container"
    >
      <div
        class="footer-links"
      >
        <div
          class="footer-column"
        >
          <a
            class="link"
            href="/about-us"
          >
            About
          </a>
          <a
            class="link"
            href="/blog-single-view/:id"
          >
            Blog
          </a>
          <a
            class="link"
            href="/career"
          >
            Careers
          </a>
          <a
            class="link"
            href="/press"
          >
            Press
          </a>
        </div>
        <div
          class="footer-column"
        >
          <a
            class="link"
            href="/help"
          >
            Help
          </a>
          <a
            class="link"
            href="/coming-soon"
          >
            Advertise
          </a>
          <a
            class="link"
            href="/coming-soon"
          >
            Developers
          </a>
          <a
            class="link"
            href="/contactus"
          >
            Contact Us
          </a>
        </div>
        <div
          class="footer-column"
        >
          <a
            class="link"
            href="/termsofuse"
          >
            Copyright Policy
          </a>
          <a
            class="link"
            href="/termsofuse"
          >
            Terms
          </a>
          <a
            class="link"
            href="/termsofuse"
          >
            Privacy Policy
          </a>
          <a
            class="link"
            href="/sitemap"
          >
            Sitemap
          </a>
        </div>
        <div
          class="footer-column"
        >
          <button
            class="teach-button"
          >
            Teach on Cursus
          </button>
          <div
            class="language-selector"
          >
            <button>
              Language 
              <span>
                ▼
              </span>
            </button>
          </div>
        </div>
      </div>
      <div
        class="footer-bottom"
      >
        <div
          class="footer-copy"
        >
          <img
            alt=""
            src="https://gambolthemes.net/html-items/cursus-new-demo/images/logo1.svg"
          />
          © 2024 
          <strong>
            Cursus
          </strong>
          . All Rights Reserved.
        </div>
        <div
          class="footer-social"
        >
          <a
            href="/home"
          >
            <img
              alt=""
              class="social-icon"
              src="facebook.png"
            />
          </a>
          <a
            href="/home"
          >
            <img
              alt=""
              class="social-icon"
              src="x.png"
            />
          </a>
          <a
            href="/home"
          >
            <img
              alt=""
              class="social-icon"
              src="google+.png"
            />
          </a>
          <a
            href="/home"
          >
            <img
              alt=""
              class="social-icon"
              src="linkedin.png"
            />
          </a>
          <a
            href="/home"
          >
            <img
              alt=""
              class="social-icon"
              src="insta.png"
            />
          </a>
          <a
            href="/home"
          >
            <img
              alt=""
              class="social-icon"
              src="pinterest.png"
            />
          </a>
        </div>
      </div>
    </footer>
  </div>
</div>
`;
