// Jest Snapshot v1, https://goo.gl/fbAQLP

exports[`ContactUs renders the ContactUs component 1`] = `
<div>
  <header
    class="header1"
  >
    <a
      href="/home"
    >
      <button
        class="header-link1"
      >
        Back To Cursus
      </button>
    </a>
    <a
      href="/home"
    >
      <img
        alt=""
        class="header-group-icon"
        src="https://gambolthemes.net/html-items/cursus-new-demo/images/logo.svg"
      />
    </a>
    <img
      alt=""
      class="header-avatar"
      src="profile-img.jpg"
    />
  </header>
  <div
    class="Contact_Main"
  >
    <div
      class="Contact_Title"
    >
      <div
        class="Contact_Title_Container"
      >
        <div
          class="Contact_Small_Title"
        >
          <div
            class="Contact_Small_Title_Left"
          >
            <a
              href="/home"
            >
              Home 
            </a>
            <p>
               / Contact Us
            </p>
          </div>
          <div
            class="Contact_Small_Title_Right"
          >
            <a
              href="/home"
            >
              Back to Home
            </a>
          </div>
        </div>
        <div
          class="Contact_Big_Title"
        >
          <h2>
            Contact Us
          </h2>
        </div>
      </div>
    </div>
    <div
      class="Contact_Body"
    >
      <div
        class="Contact_Body_Box"
      >
        <a
          class="Contact_link_step"
          href="/help"
        >
          <img
            alt=""
            src="https://gambolthemes.net/html-items/cursus-new-demo/images/help_icon.svg"
          />
          <h4>
            Help Center
          </h4>
        </a>
      </div>
      <div
        class="Contact_Body_Box"
      >
        <a
          class="Contact_link_step"
          href="blog"
        >
          <img
            alt=""
            src="https://gambolthemes.net/html-items/cursus-new-demo/images/blog_icon.svg"
          />
          <h4>
            Blog
          </h4>
        </a>
      </div>
      <div
        class="Contact_Body_Box"
      >
        <a
          class="Contact_link_step"
          href="career"
        >
          <img
            alt=""
            src="https://gambolthemes.net/html-items/cursus-new-demo/images/career_icon.svg"
          />
          <h4>
            Careers
          </h4>
        </a>
      </div>
      <div
        class="Contact_Body_Box"
      >
        <a
          class="Contact_link_step"
          href="comingsoon"
        >
          <img
            alt=""
            src="https://gambolthemes.net/html-items/cursus-new-demo/images/developer_icon.svg"
          />
          <h4>
            Developer Area
          </h4>
        </a>
      </div>
      <div
        class="Contact_Map"
      >
        <iframe
          height="450"
          loading="lazy"
          referrerpolicy="no-referrer-when-downgrade"
          src="https://www.google.com/maps/embed?pb=!1m18!1m12!1m3!1d3918.682512094123!2d106.8050999758388!3d10.835590658098013!2m3!1f0!2f0!3f0!3m2!1i1024!2i768!4f13.1!3m3!1m2!1s0x3175272fb77e7199%3A0x98cb51d4483e1172!2sFPT%20Software%20F-Town%203!5e0!3m2!1sen!2s!4v1721522116112!5m2!1sen!2s"
          style="border: 0px;"
          width="600"
        />
      </div>
      <div
        class="Contact_Information"
      >
        <div
          class="Contact_Checkout_Title"
        >
          <h4>
            Contact Information
          </h4>
          <img
            alt=""
            src="https://gambolthemes.net/html-items/cursus-new-demo/images/line.svg"
          />
        </div>
        <div
          class="Contact_Detail_Inf"
        >
          <div
            class="Contact_txt_cntct"
          >
            <span
              class="Contact_cntct_895"
            >
              <i
                class="uil uil-location-point"
              />
              Main Address :
            </span>
            <p>
              #1235 Sks Nagar St No. 8 Phase 3, Pakhowal Road, 141001, LDH, Punjab, India
            </p>
          </div>
          <div
            class="Contact_txt_cntct"
          >
            <span
              class="Contact_cntct_895"
            >
              <i
                class="uil uil-envelope"
              />
              Email Address :
            </span>
            <p>
              Info@edututsplus@gmail.com
            </p>
          </div>
          <div
            class="Contact_txt_cntct"
          >
            <span
              class="Contact_cntct_895"
            >
              <i
                class="uil uil-mobile-android-alt"
              />
              Phone Number:
            </span>
            <p>
              +911234567890, 01610000000
            </p>
          </div>
          <div
            class="Contact_Social"
          >
            <ul
              class="social-icons"
            >
              <a
                class="sc-fb"
                href="#"
              >
                <img
                  src="facebook.png"
                />
              </a>
              <a
                class="sc-tw"
                href="#"
              >
                <img
                  src="x.png"
                />
              </a>
              <a
                class="sc-ln"
                href="#"
              >
                <img
                  src="linkedin.png"
                />
              </a>
              <a
                class="sc-yt"
                href="#"
              >
                <img
                  src="youtube.png"
                />
              </a>
            </ul>
          </div>
        </div>
      </div>
    </div>
  </div>
  <footer
    class="footer footer-large-container"
  >
    <div
      class="footer-links"
    >
      <div
        class="footer-column"
      >
        <a
          class="link"
          href="/about-us"
        >
          About
        </a>
        <a
          class="link"
          href="/blog-single-view/:id"
        >
          Blog
        </a>
        <a
          class="link"
          href="/career"
        >
          Careers
        </a>
        <a
          class="link"
          href="/press"
        >
          Press
        </a>
      </div>
      <div
        class="footer-column"
      >
        <a
          class="link"
          href="/help"
        >
          Help
        </a>
        <a
          class="link"
          href="/coming-soon"
        >
          Advertise
        </a>
        <a
          class="link"
          href="/coming-soon"
        >
          Developers
        </a>
        <a
          class="link"
          href="/contactus"
        >
          Contact Us
        </a>
      </div>
      <div
        class="footer-column"
      >
        <a
          class="link"
          href="/termsofuse"
        >
          Copyright Policy
        </a>
        <a
          class="link"
          href="/termsofuse"
        >
          Terms
        </a>
        <a
          class="link"
          href="/termsofuse"
        >
          Privacy Policy
        </a>
        <a
          class="link"
          href="/sitemap"
        >
          Sitemap
        </a>
      </div>
      <div
        class="footer-column"
      >
        <button
          class="teach-button"
        >
          Teach on Cursus
        </button>
        <div
          class="language-selector"
        >
          <button>
            Language 
            <span>
              ▼
            </span>
          </button>
        </div>
      </div>
    </div>
    <div
      class="footer-bottom"
    >
      <div
        class="footer-copy"
      >
        <img
          alt=""
          src="https://gambolthemes.net/html-items/cursus-new-demo/images/logo1.svg"
        />
        © 2024 
        <strong>
          Cursus
        </strong>
        . All Rights Reserved.
      </div>
      <div
        class="footer-social"
      >
        <a
          href="/home"
        >
          <img
            alt=""
            class="social-icon"
            src="facebook.png"
          />
        </a>
        <a
          href="/home"
        >
          <img
            alt=""
            class="social-icon"
            src="x.png"
          />
        </a>
        <a
          href="/home"
        >
          <img
            alt=""
            class="social-icon"
            src="google+.png"
          />
        </a>
        <a
          href="/home"
        >
          <img
            alt=""
            class="social-icon"
            src="linkedin.png"
          />
        </a>
        <a
          href="/home"
        >
          <img
            alt=""
            class="social-icon"
            src="insta.png"
          />
        </a>
        <a
          href="/home"
        >
          <img
            alt=""
            class="social-icon"
            src="pinterest.png"
          />
        </a>
      </div>
    </div>
  </footer>
</div>
`;
