// Jest Snapshot v1, https://goo.gl/fbAQLP

exports[`Explore renders the Explore component 1`] = `
<div>
  <div
    class="explore-container"
  >
    <section
      class="search-box"
    >
      <img
        alt="Search Icon"
        class="search-icon"
        src="search.png"
      />
      <input
        placeholder="Search for Tuts Videos, Tutors, Tests and more..."
        type="text"
        value=""
      />
    </section>
    <section
      class="live-streams-section"
    >
      <div
        class="live-streams-header"
      >
        <h2
          class="live-streams-title"
        >
          Live Streams
        </h2>
        <a
          class="see-all-link"
          href="/all_livestream"
        >
          See all
        </a>
      </div>
      <div
        class="live-streams-container"
      >
        <button
          class="scroll-button left"
        />
        <div
          class="live-streams"
        />
        <button
          class="scroll-button right"
        />
      </div>
    </section>
    <section
      class="featured-courses-section"
    >
      <div
        class="featured-courses-container"
      >
        <div
          class="featured-courses"
        />
      </div>
    </section>
  </div>
</div>
`;

exports[`Home renders the Home component 1`] = `
<div>
  <div
    class="explore-container"
  >
    <section
      class="search-box"
    >
      <img
        alt="Search Icon"
        class="search-icon"
        src="search.png"
      />
      <input
        placeholder="Search for Tuts Videos, Tutors, Tests and more..."
        type="text"
        value=""
      />
    </section>
    <section
      class="live-streams-section"
    >
      <div
        class="live-streams-header"
      >
        <h2
          class="live-streams-title"
        >
          Live Streams
        </h2>
        <a
          class="see-all-link"
          href="/all_livestream"
        >
          See all
        </a>
      </div>
      <div
        class="live-streams-container"
      >
        <button
          class="scroll-button left"
        />
        <div
          class="live-streams"
        />
        <button
          class="scroll-button right"
        />
      </div>
    </section>
    <section
      class="featured-courses-section"
    >
      <div
        class="featured-courses-container"
      >
        <div
          class="featured-courses"
        />
      </div>
    </section>
  </div>
</div>
`;
