// Jest Snapshot v1, https://goo.gl/fbAQLP

exports[`CertificationCenter renders the CertificationCenter component 1`] = `
<div>
  <div
    class="CertificationCenterPage"
  >
    <header
      class="header1"
    >
      <a
        href="/home"
      >
        <button
          class="header-link1"
        >
          Back To Cursus
        </button>
      </a>
      <a
        href="/home"
      >
        <img
          alt=""
          class="header-group-icon"
          src="https://gambolthemes.net/html-items/cursus-new-demo/images/logo.svg"
        />
      </a>
      <img
        alt=""
        class="header-avatar"
        src="profile-img.jpg"
      />
    </header>
    <div
      class="CC_215certibg"
    >
      <div
        class="CC-grid-container"
      >
        <div
          class="CC-cert_banner_text CC-grid-item"
        >
          <h1>
            Certification Center
          </h1>
          <p>
            For Students and Instructors
          </p>
          <ul
            class="CC-certi_icons"
          >
            <li>
              <a
                class="CC-edttslogo"
                href="#"
              >
                <img
                  alt=""
                  src="https://gambolthemes.net/html-items/cursus-new-demo/images/logo1.svg"
                />
              </a>
            </li>
            <li>
              <div
                class="CC-edttsplus"
              >
                <img
                  alt=""
                  src="https://gambolthemes.net/html-items/cursus-new-demo/images/cerificate_center/plus.svg"
                />
              </div>
            </li>
            <li>
              <a
                class="CC-edttslogo1"
                href="#"
              >
                <img
                  alt=""
                  src="https://gambolthemes.net/html-items/cursus-new-demo/images/cerificate_center/certicon.svg"
                />
              </a>
            </li>
          </ul>
          <a
            href="/certificationfillform"
          >
            <button
              class="CC-certi-btn"
            >
              Start Certification
            </button>
          </a>
        </div>
      </div>
    </div>
    <div
      class="CC_215xd5"
    >
      <div
        class="CC-grid-container"
      >
        <div
          class="CC-title889"
        >
          <h2>
            Find Certificate
          </h2>
        </div>
      </div>
      <div
        class="CC1-grid-container"
      >
        <div
          class="CC1-grid-item"
        >
          <div
            class="ui search focus"
          >
            <div
              class="ui left icon input swdh11 swdh19"
            >
              <input
                class="prompt srch_explore"
                placeholder="# Number"
                type="text"
                value=""
              />
            </div>
          </div>
        </div>
        <div
          class="CC1-grid-item"
        >
          <div
            class="ui search focus"
          >
            <div
              class="ui left icon input swdh11 swdh19"
            >
              <input
                class="prompt srch_explore"
                placeholder="Full Name"
                type="text"
                value=""
              />
            </div>
          </div>
        </div>
        <div
          class="CC1-grid-item"
        >
          <div
            class="ui search focus"
          >
            <select
              class="ui hj145 dropdown cntry152 prompt srch_explore"
            >
              <option
                value=""
              >
                Select Category
              </option>
              <option
                value="1"
              >
                Development
              </option>
              <option
                value="2"
              >
                Finance & Accounting
              </option>
              <option
                value="3"
              >
                Design
              </option>
              <option
                value="4"
              >
                Marketing
              </option>
              <option
                value="5"
              >
                Teaching & Academics
              </option>
            </select>
          </div>
        </div>
        <div
          class="CC1-grid-item"
        >
          <div
            class="ui search focus"
          >
            <button
              class="CC-login-btn"
              type="submit"
            >
              Find Certificate
            </button>
          </div>
        </div>
      </div>
    </div>
    <div
      class="CC_215xd5"
    >
      <div
        class="CC-grid-container"
      >
        <div
          class="CC-title589 "
        >
          <h2>
            Our Certification
          </h2>
          <p>
            We prepared tests for the most popular categories and get cerificate
          </p>
        </div>
      </div>
      <div
        class="CC-grid-container"
      >
        <div
          class="CC-container"
        >
          <ul
            class="CC-tabs"
          >
            <li
              class="active"
            >
              Development
            </li>
            <li
              class=""
            >
              Finance & Accounting
            </li>
            <li
              class=""
            >
              Design
            </li>
            <li
              class=""
            >
              Marketing
            </li>
            <li
              class=""
            >
              Teaching & Academics
            </li>
          </ul>
          <div
            class="tab-content"
          >
            <div
              class="CC-grid-container"
            >
              <div
                class="CC-development"
              >
                <div
                  class="CC-certificates"
                >
                  <div
                    class="CC3-grid-container"
                  >
                    <a
                      class="CC-certilink__152"
                      href="#"
                    >
                      WordPress
                    </a>
                    <a
                      class="CC-certilink__152"
                      href="#"
                    >
                      HTML CSS
                    </a>
                    <a
                      class="CC-certilink__152"
                      href="#"
                    >
                      MotoCMS 3
                    </a>
                    <a
                      class="CC-certilink__152"
                      href="#"
                    >
                      Joomla
                    </a>
                    <a
                      class="CC-certilink__152"
                      href="#"
                    >
                      OpenCart
                    </a>
                    <a
                      class="CC-certilink__152"
                      href="#"
                    >
                      Joomla Pro
                    </a>
                    <a
                      class="CC-certilink__152"
                      href="#"
                    >
                      WordPress Pro
                    </a>
                    <a
                      class="CC-certilink__152"
                      href="#"
                    >
                      WordPress Elementor
                    </a>
                    <a
                      class="CC-certilink__152"
                      href="#"
                    >
                      WordPress Elementor Pro
                    </a>
                    <a
                      class="CC-certilink__152"
                      href="#"
                    >
                      PrestaShop
                    </a>
                  </div>
                </div>
              </div>
            </div>
          </div>
        </div>
      </div>
    </div>
    <div
      class="CC_485td5"
    >
      <div
        class="CC-grid-container"
      >
        <div
          class="CC-titleceti89"
        >
          <h2>
            Who Can Get Benefit From This?
          </h2>
        </div>
      </div>
      <div
        class="CC4-grid-container"
      >
        <div
          class="CC4-grid-item"
        >
          <div
            class="who_get"
          >
            <div
              class="who_img"
            >
              <img
                alt="Student"
                src="https://gambolthemes.net/html-items/cursus-new-demo/images/cerificate_center/student.svg"
              />
            </div>
            <h4>
              Students
            </h4>
          </div>
        </div>
        <div
          class="CC4-grid-item"
        >
          <div
            class="who_get"
          >
            <div
              class="who_img"
            >
              <img
                alt="Instructor"
                src="https://gambolthemes.net/html-items/cursus-new-demo/images/cerificate_center/instructor.svg"
              />
            </div>
            <h4>
              Instructor
            </h4>
          </div>
        </div>
      </div>
    </div>
    <div
      class="CC_215xd5"
    >
      <div
        class="CC-grid-container"
      >
        <div
          class="CC-title589"
        >
          <h2>
            What Will You Get?
          </h2>
          <p>
            Cursus company, which confirms your skills and knowledge of Certification
          </p>
        </div>
      </div>
      <div
        class="CC5-grid-container"
      >
        <div
          class="CC-knowledge_dts"
        >
          <p>
            Morbi eget elit eget turpis varius mollis eget vel massa. Donec porttitor, sapien eget commodo vulputate, erat felis aliquam dolor, non condimentum libero dolor vel ipsum. Sed porttitor nisi eget nulla ullamcorper eleifend. Fusce tristique sapien nisi, vel feugiat neque luctus sit amet. Quisque consequat quis turpis in mattis. Maecenas eget mollis nisl. Cras porta dapibus est, quis malesuada ex iaculis at. Vestibulum egestas tortor in urna tempor, in fermentum lectus bibendum. In leo leo, bibendum at pharetra at, tincidunt in nulla. In vel malesuada nulla, sed tincidunt neque. Phasellus at massa vel sem aliquet sodales non in magna. Ut tempus ipsum sagittis neque cursus euismod. Vivamus luctus elementum tortor, ac aliquet dolor vehicula et. Nulla vehicula pharetra lacus ornare gravida. Vivamus mollis ullamcorper dui quis gravida. Aenean pulvinar pulvinar arcu a suscipit.
          </p>
          <button
            class="CC-knowledge_btn"
          >
            Knowledge Base
          </button>
        </div>
      </div>
    </div>
    <div
      class="CC6-grid-container"
    >
      <footer
        class="footer footer-large-container"
      >
        <div
          class="footer-links"
        >
          <div
            class="footer-column"
          >
            <a
              class="link"
              href="/about-us"
            >
              About
            </a>
            <a
              class="link"
              href="/blog-single-view/:id"
            >
              Blog
            </a>
            <a
              class="link"
              href="/career"
            >
              Careers
            </a>
            <a
              class="link"
              href="/press"
            >
              Press
            </a>
          </div>
          <div
            class="footer-column"
          >
            <a
              class="link"
              href="/help"
            >
              Help
            </a>
            <a
              class="link"
              href="/coming-soon"
            >
              Advertise
            </a>
            <a
              class="link"
              href="/coming-soon"
            >
              Developers
            </a>
            <a
              class="link"
              href="/contactus"
            >
              Contact Us
            </a>
          </div>
          <div
            class="footer-column"
          >
            <a
              class="link"
              href="/termsofuse"
            >
              Copyright Policy
            </a>
            <a
              class="link"
              href="/termsofuse"
            >
              Terms
            </a>
            <a
              class="link"
              href="/termsofuse"
            >
              Privacy Policy
            </a>
            <a
              class="link"
              href="/sitemap"
            >
              Sitemap
            </a>
          </div>
          <div
            class="footer-column"
          >
            <button
              class="teach-button"
            >
              Teach on Cursus
            </button>
            <div
              class="language-selector"
            >
              <button>
                Language 
                <span>
                  ▼
                </span>
              </button>
            </div>
          </div>
        </div>
        <div
          class="footer-bottom"
        >
          <div
            class="footer-copy"
          >
            <img
              alt=""
              src="https://gambolthemes.net/html-items/cursus-new-demo/images/logo1.svg"
            />
            © 2024 
            <strong>
              Cursus
            </strong>
            . All Rights Reserved.
          </div>
          <div
            class="footer-social"
          >
            <a
              href="/home"
            >
              <img
                alt=""
                class="social-icon"
                src="facebook.png"
              />
            </a>
            <a
              href="/home"
            >
              <img
                alt=""
                class="social-icon"
                src="x.png"
              />
            </a>
            <a
              href="/home"
            >
              <img
                alt=""
                class="social-icon"
                src="google+.png"
              />
            </a>
            <a
              href="/home"
            >
              <img
                alt=""
                class="social-icon"
                src="linkedin.png"
              />
            </a>
            <a
              href="/home"
            >
              <img
                alt=""
                class="social-icon"
                src="insta.png"
              />
            </a>
            <a
              href="/home"
            >
              <img
                alt=""
                class="social-icon"
                src="pinterest.png"
              />
            </a>
          </div>
        </div>
      </footer>
    </div>
  </div>
</div>
`;
