// Jest Snapshot v1, https://goo.gl/fbAQLP

exports[`ForgotPassword renders the ReportHistory component 1`] = `
<div>
  <div>
    <header
      class="header1"
    >
      <a
        href="/home"
      >
        <button
          class="header-link1"
        >
          Back To Cursus
        </button>
      </a>
      <a
        href="/home"
      >
        <img
          alt=""
          class="header-group-icon"
          src="https://gambolthemes.net/html-items/cursus-new-demo/images/logo.svg"
        />
      </a>
      <img
        alt=""
        class="header-avatar"
        src="profile-img.jpg"
      />
    </header>
    <div
      class="certification_test"
    >
      <div
        class="certification_test-header"
      >
        <div
          class="certification_test-container"
        >
          <div
            class="certification_test-row"
          >
            <div
              class="certification_test-col-lg-12"
            >
              <div
                class="ct-title125"
              >
                <div
                  class="ct-titleleft"
                >
                  <div
                    class="ct-ttl121"
                  >
                    <div>
                      <div
                        class="ct-breadcrumb"
                      >
                        <p
                          class="breadcrumb-item"
                        >
                          <a
                            href="index.html"
                          >
                            Home
                          </a>
                        </p>
                        <p
                          class="breadcrumb-item"
                        >
                          <a
                            href="certification_center.html"
                          >
                            Certification Center
                          </a>
                        </p>
                        <p
                          aria-current="page"
                          class="breadcrumb-item active"
                        >
                          <a
                            href="certification_center.html"
                          >
                            Result
                          </a>
                        </p>
                      </div>
                    </div>
                  </div>
                </div>
                <div
                  class="ct-titleright"
                >
                  <a
                    class="blog_link"
                    href="certification_center.html"
                  >
                    <i
                      class="uil uil-angle-double-left"
                    />
                      Back to Certification Center
                  </a>
                </div>
              </div>
              <div
                class="ct-title126"
              >
                <h2>
                  Result
                </h2>
              </div>
            </div>
          </div>
        </div>
      </div>
      <div
        class="test_result-row"
      >
        <div
          class="test_result-col-md-6"
        >
          <div
            class="test_result-certi_form"
          >
            <div
              class="test_result-bg"
            >
              <div
                class="test_result-left"
              >
                <div
                  class="ts-box-icon"
                >
                  <div
                    class="result_dt"
                  >
                    <div
                      class="ts-tick-container"
                    >
                      <div
                        class="ts-tick_icon"
                      />
                    </div>
                    <p>
                      Right
                      <span>
                        (15)
                      </span>
                    </p>
                  </div>
                </div>
                <div
                  class="ts-box-icon"
                >
                  <div
                    class="result_dt"
                  >
                    <div
                      class="ct-cross-container"
                    >
                      <div
                        class="ct-cross_icon"
                      />
                    </div>
                    <p>
                      Wrong
                      <span>
                        (5)
                      </span>
                    </p>
                  </div>
                </div>
                <div
                  class="ts-box-icon"
                >
                  <div
                    class="result_dt"
                  >
                    <div
                      class="ts-number-container"
                    >
                      <h4>
                        15
                      </h4>
                    </div>
                    <p>
                      Out of 20
                    </p>
                  </div>
                </div>
              </div>
              <div
                class="test_result-content"
              >
                <h2>
                  Congratulation! Joginder
                </h2>
                <p>
                  You are eligible for this certificate
                </p>
                <a
                  class="ts-download"
                  download="w3logo"
                  href="http://gambolthemes.net/html-imgs/certificate.jpg"
                >
                  Download Certificate
                </a>
              </div>
            </div>
          </div>
        </div>
      </div>
      <footer
        class="footer footer-large-container"
      >
        <div
          class="footer-links"
        >
          <div
            class="footer-column"
          >
            <a
              class="link"
              href="/about-us"
            >
              About
            </a>
            <a
              class="link"
              href="/blog-single-view/:id"
            >
              Blog
            </a>
            <a
              class="link"
              href="/career"
            >
              Careers
            </a>
            <a
              class="link"
              href="/press"
            >
              Press
            </a>
          </div>
          <div
            class="footer-column"
          >
            <a
              class="link"
              href="/help"
            >
              Help
            </a>
            <a
              class="link"
              href="/coming-soon"
            >
              Advertise
            </a>
            <a
              class="link"
              href="/coming-soon"
            >
              Developers
            </a>
            <a
              class="link"
              href="/contactus"
            >
              Contact Us
            </a>
          </div>
          <div
            class="footer-column"
          >
            <a
              class="link"
              href="/termsofuse"
            >
              Copyright Policy
            </a>
            <a
              class="link"
              href="/termsofuse"
            >
              Terms
            </a>
            <a
              class="link"
              href="/termsofuse"
            >
              Privacy Policy
            </a>
            <a
              class="link"
              href="/sitemap"
            >
              Sitemap
            </a>
          </div>
          <div
            class="footer-column"
          >
            <button
              class="teach-button"
            >
              Teach on Cursus
            </button>
            <div
              class="language-selector"
            >
              <button>
                Language 
                <span>
                  ▼
                </span>
              </button>
            </div>
          </div>
        </div>
        <div
          class="footer-bottom"
        >
          <div
            class="footer-copy"
          >
            <img
              alt=""
              src="https://gambolthemes.net/html-items/cursus-new-demo/images/logo1.svg"
            />
            © 2024 
            <strong>
              Cursus
            </strong>
            . All Rights Reserved.
          </div>
          <div
            class="footer-social"
          >
            <a
              href="/home"
            >
              <img
                alt=""
                class="social-icon"
                src="facebook.png"
              />
            </a>
            <a
              href="/home"
            >
              <img
                alt=""
                class="social-icon"
                src="x.png"
              />
            </a>
            <a
              href="/home"
            >
              <img
                alt=""
                class="social-icon"
                src="google+.png"
              />
            </a>
            <a
              href="/home"
            >
              <img
                alt=""
                class="social-icon"
                src="linkedin.png"
              />
            </a>
            <a
              href="/home"
            >
              <img
                alt=""
                class="social-icon"
                src="insta.png"
              />
            </a>
            <a
              href="/home"
            >
              <img
                alt=""
                class="social-icon"
                src="pinterest.png"
              />
            </a>
          </div>
        </div>
      </footer>
    </div>
  </div>
</div>
`;

exports[`TestResult renders the TestResult component 1`] = `
<div>
  <div>
    <header
      class="header1"
    >
      <a
        href="/home"
      >
        <button
          class="header-link1"
        >
          Back To Cursus
        </button>
      </a>
      <a
        href="/home"
      >
        <img
          alt=""
          class="header-group-icon"
          src="https://gambolthemes.net/html-items/cursus-new-demo/images/logo.svg"
        />
      </a>
      <img
        alt=""
        class="header-avatar"
        src="profile-img.jpg"
      />
    </header>
    <div
      class="certification_test"
    >
      <div
        class="certification_test-header"
      >
        <div
          class="certification_test-container"
        >
          <div
            class="certification_test-row"
          >
            <div
              class="certification_test-col-lg-12"
            >
              <div
                class="ct-title125"
              >
                <div
                  class="ct-titleleft"
                >
                  <div
                    class="ct-ttl121"
                  >
                    <div>
                      <div
                        class="ct-breadcrumb"
                      >
                        <p
                          class="breadcrumb-item"
                        >
                          <a
                            href="index.html"
                          >
                            Home
                          </a>
                        </p>
                        <p
                          class="breadcrumb-item"
                        >
                          <a
                            href="certification_center.html"
                          >
                            Certification Center
                          </a>
                        </p>
                        <p
                          aria-current="page"
                          class="breadcrumb-item active"
                        >
                          <a
                            href="certification_center.html"
                          >
                            Result
                          </a>
                        </p>
                      </div>
                    </div>
                  </div>
                </div>
                <div
                  class="ct-titleright"
                >
                  <a
                    class="blog_link"
                    href="certification_center.html"
                  >
                    <i
                      class="uil uil-angle-double-left"
                    />
                      Back to Certification Center
                  </a>
                </div>
              </div>
              <div
                class="ct-title126"
              >
                <h2>
                  Result
                </h2>
              </div>
            </div>
          </div>
        </div>
      </div>
      <div
        class="test_result-row"
      >
        <div
          class="test_result-col-md-6"
        >
          <div
            class="test_result-certi_form"
          >
            <div
              class="test_result-bg"
            >
              <div
                class="test_result-left"
              >
                <div
                  class="ts-box-icon"
                >
                  <div
                    class="result_dt"
                  >
                    <div
                      class="ts-tick-container"
                    >
                      <div
                        class="ts-tick_icon"
                      />
                    </div>
                    <p>
                      Right
                      <span>
                        (15)
                      </span>
                    </p>
                  </div>
                </div>
                <div
                  class="ts-box-icon"
                >
                  <div
                    class="result_dt"
                  >
                    <div
                      class="ct-cross-container"
                    >
                      <div
                        class="ct-cross_icon"
                      />
                    </div>
                    <p>
                      Wrong
                      <span>
                        (5)
                      </span>
                    </p>
                  </div>
                </div>
                <div
                  class="ts-box-icon"
                >
                  <div
                    class="result_dt"
                  >
                    <div
                      class="ts-number-container"
                    >
                      <h4>
                        15
                      </h4>
                    </div>
                    <p>
                      Out of 20
                    </p>
                  </div>
                </div>
              </div>
              <div
                class="test_result-content"
              >
                <h2>
                  Congratulation! Joginder
                </h2>
                <p>
                  You are eligible for this certificate
                </p>
                <a
                  class="ts-download"
                  download="w3logo"
                  href="http://gambolthemes.net/html-imgs/certificate.jpg"
                >
                  Download Certificate
                </a>
              </div>
            </div>
          </div>
        </div>
      </div>
      <footer
        class="footer footer-large-container"
      >
        <div
          class="footer-links"
        >
          <div
            class="footer-column"
          >
            <a
              class="link"
              href="/about-us"
            >
              About
            </a>
            <a
              class="link"
              href="/blog-single-view/:id"
            >
              Blog
            </a>
            <a
              class="link"
              href="/career"
            >
              Careers
            </a>
            <a
              class="link"
              href="/press"
            >
              Press
            </a>
          </div>
          <div
            class="footer-column"
          >
            <a
              class="link"
              href="/help"
            >
              Help
            </a>
            <a
              class="link"
              href="/coming-soon"
            >
              Advertise
            </a>
            <a
              class="link"
              href="/coming-soon"
            >
              Developers
            </a>
            <a
              class="link"
              href="/contactus"
            >
              Contact Us
            </a>
          </div>
          <div
            class="footer-column"
          >
            <a
              class="link"
              href="/termsofuse"
            >
              Copyright Policy
            </a>
            <a
              class="link"
              href="/termsofuse"
            >
              Terms
            </a>
            <a
              class="link"
              href="/termsofuse"
            >
              Privacy Policy
            </a>
            <a
              class="link"
              href="/sitemap"
            >
              Sitemap
            </a>
          </div>
          <div
            class="footer-column"
          >
            <button
              class="teach-button"
            >
              Teach on Cursus
            </button>
            <div
              class="language-selector"
            >
              <button>
                Language 
                <span>
                  ▼
                </span>
              </button>
            </div>
          </div>
        </div>
        <div
          class="footer-bottom"
        >
          <div
            class="footer-copy"
          >
            <img
              alt=""
              src="https://gambolthemes.net/html-items/cursus-new-demo/images/logo1.svg"
            />
            © 2024 
            <strong>
              Cursus
            </strong>
            . All Rights Reserved.
          </div>
          <div
            class="footer-social"
          >
            <a
              href="/home"
            >
              <img
                alt=""
                class="social-icon"
                src="facebook.png"
              />
            </a>
            <a
              href="/home"
            >
              <img
                alt=""
                class="social-icon"
                src="x.png"
              />
            </a>
            <a
              href="/home"
            >
              <img
                alt=""
                class="social-icon"
                src="google+.png"
              />
            </a>
            <a
              href="/home"
            >
              <img
                alt=""
                class="social-icon"
                src="linkedin.png"
              />
            </a>
            <a
              href="/home"
            >
              <img
                alt=""
                class="social-icon"
                src="insta.png"
              />
            </a>
            <a
              href="/home"
            >
              <img
                alt=""
                class="social-icon"
                src="pinterest.png"
              />
            </a>
          </div>
        </div>
      </footer>
    </div>
  </div>
</div>
`;
