// Jest Snapshot v1, https://goo.gl/fbAQLP

exports[`PressReleasePage renders the Invoice component 1`] = `
<div>
  <div
    class="press"
  >
    <header
      class="header1"
    >
      <a
        href="/home"
      >
        <button
          class="header-link1"
        >
          Back To Cursus
        </button>
      </a>
      <a
        href="/home"
      >
        <img
          alt=""
          class="header-group-icon"
          src="https://gambolthemes.net/html-items/cursus-new-demo/images/logo.svg"
        />
      </a>
      <img
        alt=""
        class="header-avatar"
        src="profile-img.jpg"
      />
    </header>
    <main
      class="press-inner"
    >
      <div
        class="press-frame-parent"
      >
        <div
          class="press-background"
        >
          <div
            class="press-navigation-links-parent"
          >
            <div
              class="press-navigation-links"
            >
              <a
                class="press-about"
                href="/about-us"
              >
                About
              </a>
            </div>
            <div
              class="press-navigation-links-1"
            >
              <a
                class="press-blog"
                href="/our-blog"
              >
                Blog
              </a>
            </div>
            <div
              class="press-navigation-links-2"
            >
              <a
                class="press-company"
                href="/company-details"
              >
                Company
              </a>
            </div>
            <div
              class="press-navigation-links-3"
            >
              <a
                class="press-careers"
                href="/career"
              >
                Careers
              </a>
            </div>
            <div
              class="press-navigation-links-4"
            >
              <a
                class="press-press"
                href="/press"
              >
                Press
              </a>
            </div>
          </div>
          <div
            class="press-heading-2-wrapper"
          >
            <h2
              class="press-heading-2"
            >
              What others are saying
            </h2>
          </div>
        </div>
        <div
          class="press-backgroundBorder-parent"
        >
          <form
            class="press-backgroundBorder"
          >
            <div
              class="press-filter-item"
            >
              <div
                class="press-item-2"
              >
                <button
                  class="press-button-1"
                >
                  <svg
                    class="press-icon-twitter"
                    fill="currentColor"
                    height="1em"
                    stroke="currentColor"
                    stroke-width="0"
                    viewBox="0 0 512 512"
                    width="1em"
                    xmlns="http://www.w3.org/2000/svg"
                  >
                    <path
                      d="M459.37 151.716c.325 4.548.325 9.097.325 13.645 0 138.72-105.583 298.558-298.558 298.558-59.452 0-114.68-17.219-161.137-47.106 8.447.974 16.568 1.299 25.34 1.299 49.055 0 94.213-16.568 130.274-44.832-46.132-.975-84.792-31.188-98.112-72.772 6.498.974 12.995 1.624 19.818 1.624 9.421 0 18.843-1.3 27.614-3.573-48.081-9.747-84.143-51.98-84.143-102.985v-1.299c13.969 7.797 30.214 12.67 47.431 13.319-28.264-18.843-46.781-51.005-46.781-87.391 0-19.492 5.197-37.36 14.294-52.954 51.655 63.675 129.3 105.258 216.365 109.807-1.624-7.797-2.599-15.918-2.599-24.04 0-57.828 46.782-104.934 104.934-104.934 30.213 0 57.502 12.67 76.67 33.137 23.715-4.548 46.456-13.32 66.599-25.34-7.798 24.366-24.366 44.833-46.132 57.827 21.117-2.273 41.584-8.122 60.426-16.243-14.292 20.791-32.161 39.308-52.628 54.253z"
                    />
                  </svg>
                  <div
                    class="press-follow-twitter"
                  >
                    Follow
                  </div>
                </button>
                <button
                  class="press-button-2"
                >
                  <svg
                    class="press-icon-facebook"
                    fill="currentColor"
                    height="1em"
                    stroke="currentColor"
                    stroke-width="0"
                    viewBox="0 0 24 24"
                    width="1em"
                    xmlns="http://www.w3.org/2000/svg"
                  >
                    <path
                      d="M15.4024 21V14.0344H17.7347L18.0838 11.3265H15.4024V9.59765C15.4024 8.81364 15.62 8.27934 16.7443 8.27934L18.1783 8.27867V5.85676C17.9302 5.82382 17.0791 5.75006 16.0888 5.75006C14.0213 5.75006 12.606 7.01198 12.606 9.32952V11.3265H10.2677V14.0344H12.606V21H4C3.44772 21 3 20.5523 3 20V4C3 3.44772 3.44772 3 4 3H20C20.5523 3 21 3.44772 21 4V20C21 20.5523 20.5523 21 20 21H15.4024Z"
                    />
                  </svg>
                  <div
                    class="press-follow-facebook"
                  >
                    Follow
                  </div>
                </button>
              </div>
            </div>
            <div
              class="press-help-links-wrapper"
            >
              <div
                class="press-help-links"
              >
                <div
                  class="press-learn-more-link"
                >
                  <p
                    class="press-learn-more"
                  >
                    Learn More
                  </p>
                </div>
                <a
                  class="press-help-center"
                  href="#"
                >
                  Cursus Help Center
                </a>
              </div>
            </div>
          </form>
          <div
            class="press-col-right-parent"
          >
            <div
              class="press-label-parent"
            >
              <h3>
                Cursus in the News
              </h3>
              <p>
                For media interviews and inquiries, please send an email to
                <a
                  href="/"
                >
                  press@cursus.com
                </a>
              </p>
            </div>
            <div
              class="press-news-title-parent"
            >
              <a
                class="press-see-more-news"
                href="/"
              >
                See More News
              </a>
            </div>
            <div
              class="press-label-parent"
            >
              <h3>
                Press Releases
              </h3>
              <p>
                For Release from Cursus
              </p>
            </div>
            <div
              class="press-release-title-parent"
            >
              <a
                class="press-see-more-news"
                href="/"
              >
                See More Press Release
              </a>
            </div>
          </div>
        </div>
      </div>
    </main>
    <footer
      class="footer footer-large-container"
    >
      <div
        class="footer-links"
      >
        <div
          class="footer-column"
        >
          <a
            class="link"
            href="/about-us"
          >
            About
          </a>
          <a
            class="link"
            href="/blog-single-view/:id"
          >
            Blog
          </a>
          <a
            class="link"
            href="/career"
          >
            Careers
          </a>
          <a
            class="link"
            href="/press"
          >
            Press
          </a>
        </div>
        <div
          class="footer-column"
        >
          <a
            class="link"
            href="/help"
          >
            Help
          </a>
          <a
            class="link"
            href="/coming-soon"
          >
            Advertise
          </a>
          <a
            class="link"
            href="/coming-soon"
          >
            Developers
          </a>
          <a
            class="link"
            href="/contactus"
          >
            Contact Us
          </a>
        </div>
        <div
          class="footer-column"
        >
          <a
            class="link"
            href="/termsofuse"
          >
            Copyright Policy
          </a>
          <a
            class="link"
            href="/termsofuse"
          >
            Terms
          </a>
          <a
            class="link"
            href="/termsofuse"
          >
            Privacy Policy
          </a>
          <a
            class="link"
            href="/sitemap"
          >
            Sitemap
          </a>
        </div>
        <div
          class="footer-column"
        >
          <button
            class="teach-button"
          >
            Teach on Cursus
          </button>
          <div
            class="language-selector"
          >
            <button>
              Language 
              <span>
                ▼
              </span>
            </button>
          </div>
        </div>
      </div>
      <div
        class="footer-bottom"
      >
        <div
          class="footer-copy"
        >
          <img
            alt=""
            src="https://gambolthemes.net/html-items/cursus-new-demo/images/logo1.svg"
          />
          © 2024 
          <strong>
            Cursus
          </strong>
          . All Rights Reserved.
        </div>
        <div
          class="footer-social"
        >
          <a
            href="/home"
          >
            <img
              alt=""
              class="social-icon"
              src="facebook.png"
            />
          </a>
          <a
            href="/home"
          >
            <img
              alt=""
              class="social-icon"
              src="x.png"
            />
          </a>
          <a
            href="/home"
          >
            <img
              alt=""
              class="social-icon"
              src="google+.png"
            />
          </a>
          <a
            href="/home"
          >
            <img
              alt=""
              class="social-icon"
              src="linkedin.png"
            />
          </a>
          <a
            href="/home"
          >
            <img
              alt=""
              class="social-icon"
              src="insta.png"
            />
          </a>
          <a
            href="/home"
          >
            <img
              alt=""
              class="social-icon"
              src="pinterest.png"
            />
          </a>
        </div>
      </div>
    </footer>
  </div>
</div>
`;
